Archive member included to satisfy reference by file (symbol)

c:/mounriver/mounriver_studio2/resources/app/resources/win32/components/wch/toolchain/risc-v embedded gcc/bin/../lib/gcc/riscv-none-embed/8.2.0/rv32ecxw/ilp32e\libgcc.a(save-restore.o)
                              ./User/color_data.o (__riscv_save_2)
c:/mounriver/mounriver_studio2/resources/app/resources/win32/components/wch/toolchain/risc-v embedded gcc/bin/../lib/gcc/riscv-none-embed/8.2.0/rv32ecxw/ilp32e\libgcc.a(muldi3.o)
                              ./User/color_data.o (__mulsi3)
c:/mounriver/mounriver_studio2/resources/app/resources/win32/components/wch/toolchain/risc-v embedded gcc/bin/../lib/gcc/riscv-none-embed/8.2.0/rv32ecxw/ilp32e\libgcc.a(div.o)
                              ./User/color_data.o (__divsi3)

Discarded input sections

 .text          0x0000000000000000        0x0 ./User/ch32v00x_it.o
 .data          0x0000000000000000        0x0 ./User/ch32v00x_it.o
 .bss           0x0000000000000000        0x0 ./User/ch32v00x_it.o
 .text          0x0000000000000000        0x0 ./User/color_data.o
 .data          0x0000000000000000        0x0 ./User/color_data.o
 .bss           0x0000000000000000        0x0 ./User/color_data.o
 .text.set_color_data
                0x0000000000000000       0x16 ./User/color_data.o
 .text          0x0000000000000000        0x0 ./User/main.o
 .data          0x0000000000000000        0x0 ./User/main.o
 .bss           0x0000000000000000        0x0 ./User/main.o
 .text          0x0000000000000000        0x0 ./User/mode_function.o
 .data          0x0000000000000000        0x0 ./User/mode_function.o
 .bss           0x0000000000000000        0x0 ./User/mode_function.o
 .text          0x0000000000000000        0x0 ./User/pwm.o
 .data          0x0000000000000000        0x0 ./User/pwm.o
 .bss           0x0000000000000000        0x0 ./User/pwm.o
 .text          0x0000000000000000        0x0 ./User/ram.o
 .data          0x0000000000000000        0x0 ./User/ram.o
 .bss           0x0000000000000000        0x0 ./User/ram.o
 .text          0x0000000000000000        0x0 ./User/sequence.o
 .data          0x0000000000000000        0x0 ./User/sequence.o
 .bss           0x0000000000000000        0x0 ./User/sequence.o
 .text          0x0000000000000000        0x0 ./User/spi.o
 .data          0x0000000000000000        0x0 ./User/spi.o
 .bss           0x0000000000000000        0x0 ./User/spi.o
 .text.spi_led_init
                0x0000000000000000       0xb6 ./User/spi.o
 .text.spi_write
                0x0000000000000000       0x90 ./User/spi.o
 .debug_info    0x0000000000000000     0x10b3 ./User/spi.o
 .debug_abbrev  0x0000000000000000      0x2b5 ./User/spi.o
 .debug_loc     0x0000000000000000       0x32 ./User/spi.o
 .debug_aranges
                0x0000000000000000       0x28 ./User/spi.o
 .debug_ranges  0x0000000000000000       0x30 ./User/spi.o
 .debug_line    0x0000000000000000      0x63d ./User/spi.o
 .debug_str     0x0000000000000000      0xa0d ./User/spi.o
 .comment       0x0000000000000000       0x34 ./User/spi.o
 .debug_frame   0x0000000000000000       0x58 ./User/spi.o
 .text          0x0000000000000000        0x0 ./User/system_ch32v00x.o
 .data          0x0000000000000000        0x0 ./User/system_ch32v00x.o
 .bss           0x0000000000000000        0x0 ./User/system_ch32v00x.o
 .text          0x0000000000000000        0x0 ./User/timer.o
 .data          0x0000000000000000        0x0 ./User/timer.o
 .bss           0x0000000000000000        0x0 ./User/timer.o
 .text          0x0000000000000000        0x0 ./Startup/startup_ch32v00x.o
 .data          0x0000000000000000        0x0 ./Startup/startup_ch32v00x.o
 .bss           0x0000000000000000        0x0 ./Startup/startup_ch32v00x.o
 .text          0x0000000000000000        0x0 ./Peripheral/src/ch32v00x_adc.o
 .data          0x0000000000000000        0x0 ./Peripheral/src/ch32v00x_adc.o
 .bss           0x0000000000000000        0x0 ./Peripheral/src/ch32v00x_adc.o
 .text.ADC_DeInit
                0x0000000000000000       0x3a ./Peripheral/src/ch32v00x_adc.o
 .text.ADC_Init
                0x0000000000000000       0x4e ./Peripheral/src/ch32v00x_adc.o
 .text.ADC_StructInit
                0x0000000000000000       0x1a ./Peripheral/src/ch32v00x_adc.o
 .text.ADC_Cmd  0x0000000000000000       0x10 ./Peripheral/src/ch32v00x_adc.o
 .text.ADC_DMACmd
                0x0000000000000000       0x12 ./Peripheral/src/ch32v00x_adc.o
 .text.ADC_ITConfig
                0x0000000000000000       0x16 ./Peripheral/src/ch32v00x_adc.o
 .text.ADC_ResetCalibration
                0x0000000000000000        0xa ./Peripheral/src/ch32v00x_adc.o
 .text.ADC_GetResetCalibrationStatus
                0x0000000000000000        0x8 ./Peripheral/src/ch32v00x_adc.o
 .text.ADC_StartCalibration
                0x0000000000000000        0xa ./Peripheral/src/ch32v00x_adc.o
 .text.ADC_GetCalibrationStatus
                0x0000000000000000        0x8 ./Peripheral/src/ch32v00x_adc.o
 .text.ADC_SoftwareStartConvCmd
                0x0000000000000000       0x18 ./Peripheral/src/ch32v00x_adc.o
 .text.ADC_GetSoftwareStartConvStatus
                0x0000000000000000        0x8 ./Peripheral/src/ch32v00x_adc.o
 .text.ADC_DiscModeChannelCountConfig
                0x0000000000000000       0x12 ./Peripheral/src/ch32v00x_adc.o
 .text.ADC_DiscModeCmd
                0x0000000000000000       0x1a ./Peripheral/src/ch32v00x_adc.o
 .text.ADC_RegularChannelConfig
                0x0000000000000000       0xba ./Peripheral/src/ch32v00x_adc.o
 .text.ADC_ExternalTrigConvCmd
                0x0000000000000000       0x18 ./Peripheral/src/ch32v00x_adc.o
 .text.ADC_GetConversionValue
                0x0000000000000000        0x8 ./Peripheral/src/ch32v00x_adc.o
 .text.ADC_AutoInjectedConvCmd
                0x0000000000000000       0x12 ./Peripheral/src/ch32v00x_adc.o
 .text.ADC_InjectedDiscModeCmd
                0x0000000000000000       0x14 ./Peripheral/src/ch32v00x_adc.o
 .text.ADC_ExternalTrigInjectedConvConfig
                0x0000000000000000        0xe ./Peripheral/src/ch32v00x_adc.o
 .text.ADC_ExternalTrigInjectedConvCmd
                0x0000000000000000       0x14 ./Peripheral/src/ch32v00x_adc.o
 .text.ADC_SoftwareStartInjectedConvCmd
                0x0000000000000000       0x18 ./Peripheral/src/ch32v00x_adc.o
 .text.ADC_GetSoftwareStartInjectedConvCmdStatus
                0x0000000000000000        0x8 ./Peripheral/src/ch32v00x_adc.o
 .text.ADC_InjectedChannelConfig
                0x0000000000000000       0x7a ./Peripheral/src/ch32v00x_adc.o
 .text.ADC_InjectedSequencerLengthConfig
                0x0000000000000000       0x14 ./Peripheral/src/ch32v00x_adc.o
 .text.ADC_SetInjectedOffset
                0x0000000000000000       0x14 ./Peripheral/src/ch32v00x_adc.o
 .text.ADC_GetInjectedConversionValue
                0x0000000000000000       0x1c ./Peripheral/src/ch32v00x_adc.o
 .text.ADC_AnalogWatchdogCmd
                0x0000000000000000       0x12 ./Peripheral/src/ch32v00x_adc.o
 .text.ADC_AnalogWatchdogThresholdsConfig
                0x0000000000000000        0x6 ./Peripheral/src/ch32v00x_adc.o
 .text.ADC_AnalogWatchdogSingleChannelConfig
                0x0000000000000000        0xa ./Peripheral/src/ch32v00x_adc.o
 .text.ADC_GetFlagStatus
                0x0000000000000000        0xa ./Peripheral/src/ch32v00x_adc.o
 .text.ADC_ClearFlag
                0x0000000000000000        0x8 ./Peripheral/src/ch32v00x_adc.o
 .text.ADC_GetITStatus
                0x0000000000000000       0x1c ./Peripheral/src/ch32v00x_adc.o
 .text.ADC_ClearITPendingBit
                0x0000000000000000        0xa ./Peripheral/src/ch32v00x_adc.o
 .text.ADC_Calibration_Vol
                0x0000000000000000       0x14 ./Peripheral/src/ch32v00x_adc.o
 .text.ADC_ExternalTrig_DLY
                0x0000000000000000       0x16 ./Peripheral/src/ch32v00x_adc.o
 .debug_info    0x0000000000000000     0x1526 ./Peripheral/src/ch32v00x_adc.o
 .debug_abbrev  0x0000000000000000      0x307 ./Peripheral/src/ch32v00x_adc.o
 .debug_loc     0x0000000000000000      0x9fa ./Peripheral/src/ch32v00x_adc.o
 .debug_aranges
                0x0000000000000000      0x138 ./Peripheral/src/ch32v00x_adc.o
 .debug_ranges  0x0000000000000000      0x128 ./Peripheral/src/ch32v00x_adc.o
 .debug_line    0x0000000000000000     0x14ca ./Peripheral/src/ch32v00x_adc.o
 .debug_str     0x0000000000000000      0xb98 ./Peripheral/src/ch32v00x_adc.o
 .comment       0x0000000000000000       0x34 ./Peripheral/src/ch32v00x_adc.o
 .debug_frame   0x0000000000000000      0x26c ./Peripheral/src/ch32v00x_adc.o
 .text          0x0000000000000000        0x0 ./Peripheral/src/ch32v00x_dbgmcu.o
 .data          0x0000000000000000        0x0 ./Peripheral/src/ch32v00x_dbgmcu.o
 .bss           0x0000000000000000        0x0 ./Peripheral/src/ch32v00x_dbgmcu.o
 .text.DBGMCU_GetREVID
                0x0000000000000000        0xa ./Peripheral/src/ch32v00x_dbgmcu.o
 .text.DBGMCU_GetDEVID
                0x0000000000000000        0xa ./Peripheral/src/ch32v00x_dbgmcu.o
 .text.__get_DEBUG_CR
                0x0000000000000000        0x6 ./Peripheral/src/ch32v00x_dbgmcu.o
 .text.__set_DEBUG_CR
                0x0000000000000000        0x6 ./Peripheral/src/ch32v00x_dbgmcu.o
 .text.DBGMCU_Config
                0x0000000000000000       0x14 ./Peripheral/src/ch32v00x_dbgmcu.o
 .text.DBGMCU_GetCHIPID
                0x0000000000000000        0xa ./Peripheral/src/ch32v00x_dbgmcu.o
 .debug_info    0x0000000000000000      0xa94 ./Peripheral/src/ch32v00x_dbgmcu.o
 .debug_abbrev  0x0000000000000000      0x2f7 ./Peripheral/src/ch32v00x_dbgmcu.o
 .debug_loc     0x0000000000000000       0x7c ./Peripheral/src/ch32v00x_dbgmcu.o
 .debug_aranges
                0x0000000000000000       0x48 ./Peripheral/src/ch32v00x_dbgmcu.o
 .debug_ranges  0x0000000000000000       0x50 ./Peripheral/src/ch32v00x_dbgmcu.o
 .debug_line    0x0000000000000000      0x407 ./Peripheral/src/ch32v00x_dbgmcu.o
 .debug_str     0x0000000000000000      0x654 ./Peripheral/src/ch32v00x_dbgmcu.o
 .comment       0x0000000000000000       0x34 ./Peripheral/src/ch32v00x_dbgmcu.o
 .debug_frame   0x0000000000000000       0x70 ./Peripheral/src/ch32v00x_dbgmcu.o
 .text          0x0000000000000000        0x0 ./Peripheral/src/ch32v00x_dma.o
 .data          0x0000000000000000        0x0 ./Peripheral/src/ch32v00x_dma.o
 .bss           0x0000000000000000        0x0 ./Peripheral/src/ch32v00x_dma.o
 .text.DMA_DeInit
                0x0000000000000000       0x92 ./Peripheral/src/ch32v00x_dma.o
 .text.DMA_Init
                0x0000000000000000       0x38 ./Peripheral/src/ch32v00x_dma.o
 .text.DMA_StructInit
                0x0000000000000000       0x2e ./Peripheral/src/ch32v00x_dma.o
 .text.DMA_Cmd  0x0000000000000000       0x14 ./Peripheral/src/ch32v00x_dma.o
 .text.DMA_ITConfig
                0x0000000000000000       0x12 ./Peripheral/src/ch32v00x_dma.o
 .text.DMA_SetCurrDataCounter
                0x0000000000000000        0x4 ./Peripheral/src/ch32v00x_dma.o
 .text.DMA_GetCurrDataCounter
                0x0000000000000000        0x8 ./Peripheral/src/ch32v00x_dma.o
 .text.DMA_GetFlagStatus
                0x0000000000000000        0xe ./Peripheral/src/ch32v00x_dma.o
 .text.DMA_ClearFlag
                0x0000000000000000        0x8 ./Peripheral/src/ch32v00x_dma.o
 .text.DMA_GetITStatus
                0x0000000000000000       0x18 ./Peripheral/src/ch32v00x_dma.o
 .text.DMA_ClearITPendingBit
                0x0000000000000000        0x8 ./Peripheral/src/ch32v00x_dma.o
 .debug_info    0x0000000000000000      0xd17 ./Peripheral/src/ch32v00x_dma.o
 .debug_abbrev  0x0000000000000000      0x302 ./Peripheral/src/ch32v00x_dma.o
 .debug_loc     0x0000000000000000      0x14a ./Peripheral/src/ch32v00x_dma.o
 .debug_aranges
                0x0000000000000000       0x60 ./Peripheral/src/ch32v00x_dma.o
 .debug_ranges  0x0000000000000000       0x50 ./Peripheral/src/ch32v00x_dma.o
 .debug_line    0x0000000000000000      0x825 ./Peripheral/src/ch32v00x_dma.o
 .debug_str     0x0000000000000000      0x801 ./Peripheral/src/ch32v00x_dma.o
 .comment       0x0000000000000000       0x34 ./Peripheral/src/ch32v00x_dma.o
 .debug_frame   0x0000000000000000       0xcc ./Peripheral/src/ch32v00x_dma.o
 .text          0x0000000000000000        0x0 ./Peripheral/src/ch32v00x_exti.o
 .data          0x0000000000000000        0x0 ./Peripheral/src/ch32v00x_exti.o
 .bss           0x0000000000000000        0x0 ./Peripheral/src/ch32v00x_exti.o
 .text.EXTI_DeInit
                0x0000000000000000       0x22 ./Peripheral/src/ch32v00x_exti.o
 .text.EXTI_Init
                0x0000000000000000       0x6a ./Peripheral/src/ch32v00x_exti.o
 .text.EXTI_StructInit
                0x0000000000000000       0x12 ./Peripheral/src/ch32v00x_exti.o
 .text.EXTI_GenerateSWInterrupt
                0x0000000000000000       0x10 ./Peripheral/src/ch32v00x_exti.o
 .text.EXTI_GetFlagStatus
                0x0000000000000000       0x12 ./Peripheral/src/ch32v00x_exti.o
 .text.EXTI_ClearFlag
                0x0000000000000000        0xa ./Peripheral/src/ch32v00x_exti.o
 .text.EXTI_GetITStatus
                0x0000000000000000       0x1e ./Peripheral/src/ch32v00x_exti.o
 .text.EXTI_ClearITPendingBit
                0x0000000000000000        0xa ./Peripheral/src/ch32v00x_exti.o
 .debug_info    0x0000000000000000      0xc05 ./Peripheral/src/ch32v00x_exti.o
 .debug_abbrev  0x0000000000000000      0x2da ./Peripheral/src/ch32v00x_exti.o
 .debug_loc     0x0000000000000000      0x181 ./Peripheral/src/ch32v00x_exti.o
 .debug_aranges
                0x0000000000000000       0x50 ./Peripheral/src/ch32v00x_exti.o
 .debug_ranges  0x0000000000000000       0x40 ./Peripheral/src/ch32v00x_exti.o
 .debug_line    0x0000000000000000      0x65e ./Peripheral/src/ch32v00x_exti.o
 .debug_str     0x0000000000000000      0x79b ./Peripheral/src/ch32v00x_exti.o
 .comment       0x0000000000000000       0x34 ./Peripheral/src/ch32v00x_exti.o
 .debug_frame   0x0000000000000000       0x90 ./Peripheral/src/ch32v00x_exti.o
 .text          0x0000000000000000        0x0 ./Peripheral/src/ch32v00x_flash.o
 .data          0x0000000000000000        0x0 ./Peripheral/src/ch32v00x_flash.o
 .bss           0x0000000000000000        0x0 ./Peripheral/src/ch32v00x_flash.o
 .text.ROM_ERASE
                0x0000000000000000       0x60 ./Peripheral/src/ch32v00x_flash.o
 .text.FLASH_SetLatency
                0x0000000000000000        0xe ./Peripheral/src/ch32v00x_flash.o
 .text.FLASH_Unlock
                0x0000000000000000       0x1a ./Peripheral/src/ch32v00x_flash.o
 .text.FLASH_Lock
                0x0000000000000000        0xe ./Peripheral/src/ch32v00x_flash.o
 .text.FLASH_GetUserOptionByte
                0x0000000000000000        0xa ./Peripheral/src/ch32v00x_flash.o
 .text.FLASH_GetWriteProtectionOptionByte
                0x0000000000000000        0x8 ./Peripheral/src/ch32v00x_flash.o
 .text.FLASH_GetReadOutProtectionStatus
                0x0000000000000000        0xc ./Peripheral/src/ch32v00x_flash.o
 .text.FLASH_ITConfig
                0x0000000000000000       0x1e ./Peripheral/src/ch32v00x_flash.o
 .text.FLASH_GetFlagStatus
                0x0000000000000000       0x1e ./Peripheral/src/ch32v00x_flash.o
 .text.FLASH_ClearFlag
                0x0000000000000000        0x8 ./Peripheral/src/ch32v00x_flash.o
 .text.FLASH_GetStatus
                0x0000000000000000       0x18 ./Peripheral/src/ch32v00x_flash.o
 .text.FLASH_GetBank1Status
                0x0000000000000000       0x18 ./Peripheral/src/ch32v00x_flash.o
 .text.FLASH_WaitForLastOperation
                0x0000000000000000       0x34 ./Peripheral/src/ch32v00x_flash.o
 .text.FLASH_ErasePage
                0x0000000000000000       0x4c ./Peripheral/src/ch32v00x_flash.o
 .text.FLASH_EraseAllPages
                0x0000000000000000       0x48 ./Peripheral/src/ch32v00x_flash.o
 .text.FLASH_EraseOptionBytes
                0x0000000000000000       0x9a ./Peripheral/src/ch32v00x_flash.o
 .text.FLASH_ProgramWord
                0x0000000000000000       0x6e ./Peripheral/src/ch32v00x_flash.o
 .text.FLASH_ProgramHalfWord
                0x0000000000000000       0x48 ./Peripheral/src/ch32v00x_flash.o
 .text.FLASH_ProgramOptionByteData
                0x0000000000000000       0x66 ./Peripheral/src/ch32v00x_flash.o
 .text.FLASH_EnableWriteProtection
                0x0000000000000000       0x9e ./Peripheral/src/ch32v00x_flash.o
 .text.FLASH_ReadOutProtection
                0x0000000000000000       0xae ./Peripheral/src/ch32v00x_flash.o
 .text.FLASH_UserOptionByteConfig
                0x0000000000000000       0x7a ./Peripheral/src/ch32v00x_flash.o
 .text.FLASH_WaitForLastBank1Operation
                0x0000000000000000       0x18 ./Peripheral/src/ch32v00x_flash.o
 .text.FLASH_Unlock_Fast
                0x0000000000000000       0x1e ./Peripheral/src/ch32v00x_flash.o
 .text.FLASH_Lock_Fast
                0x0000000000000000        0xe ./Peripheral/src/ch32v00x_flash.o
 .text.FLASH_BufReset
                0x0000000000000000       0x28 ./Peripheral/src/ch32v00x_flash.o
 .text.FLASH_BufLoad
                0x0000000000000000       0x36 ./Peripheral/src/ch32v00x_flash.o
 .text.FLASH_ErasePage_Fast
                0x0000000000000000       0x36 ./Peripheral/src/ch32v00x_flash.o
 .text.FLASH_ProgramPage_Fast
                0x0000000000000000       0x34 ./Peripheral/src/ch32v00x_flash.o
 .text.SystemReset_StartMode
                0x0000000000000000       0x56 ./Peripheral/src/ch32v00x_flash.o
 .text.FLASH_ROM_ERASE
                0x0000000000000000      0x140 ./Peripheral/src/ch32v00x_flash.o
 .text.FLASH_ROM_WRITE
                0x0000000000000000       0xf6 ./Peripheral/src/ch32v00x_flash.o
 .debug_info    0x0000000000000000     0x1481 ./Peripheral/src/ch32v00x_flash.o
 .debug_abbrev  0x0000000000000000      0x3fa ./Peripheral/src/ch32v00x_flash.o
 .debug_loc     0x0000000000000000      0xad0 ./Peripheral/src/ch32v00x_flash.o
 .debug_aranges
                0x0000000000000000      0x110 ./Peripheral/src/ch32v00x_flash.o
 .debug_ranges  0x0000000000000000      0x100 ./Peripheral/src/ch32v00x_flash.o
 .debug_line    0x0000000000000000     0x1cb7 ./Peripheral/src/ch32v00x_flash.o
 .debug_str     0x0000000000000000      0xac3 ./Peripheral/src/ch32v00x_flash.o
 .comment       0x0000000000000000       0x34 ./Peripheral/src/ch32v00x_flash.o
 .debug_frame   0x0000000000000000      0x324 ./Peripheral/src/ch32v00x_flash.o
 .text          0x0000000000000000        0x0 ./Peripheral/src/ch32v00x_gpio.o
 .data          0x0000000000000000        0x0 ./Peripheral/src/ch32v00x_gpio.o
 .bss           0x0000000000000000        0x0 ./Peripheral/src/ch32v00x_gpio.o
 .text.GPIO_DeInit
                0x0000000000000000       0x68 ./Peripheral/src/ch32v00x_gpio.o
 .text.GPIO_AFIODeInit
                0x0000000000000000       0x28 ./Peripheral/src/ch32v00x_gpio.o
 .text.GPIO_StructInit
                0x0000000000000000        0xe ./Peripheral/src/ch32v00x_gpio.o
 .text.GPIO_ReadInputData
                0x0000000000000000        0x8 ./Peripheral/src/ch32v00x_gpio.o
 .text.GPIO_ReadOutputDataBit
                0x0000000000000000        0xa ./Peripheral/src/ch32v00x_gpio.o
 .text.GPIO_ReadOutputData
                0x0000000000000000        0x8 ./Peripheral/src/ch32v00x_gpio.o
 .text.GPIO_SetBits
                0x0000000000000000        0x4 ./Peripheral/src/ch32v00x_gpio.o
 .text.GPIO_ResetBits
                0x0000000000000000        0x4 ./Peripheral/src/ch32v00x_gpio.o
 .text.GPIO_WriteBit
                0x0000000000000000        0xa ./Peripheral/src/ch32v00x_gpio.o
 .text.GPIO_Write
                0x0000000000000000        0x4 ./Peripheral/src/ch32v00x_gpio.o
 .text.GPIO_PinLockConfig
                0x0000000000000000       0x10 ./Peripheral/src/ch32v00x_gpio.o
 .text.GPIO_PinRemapConfig
                0x0000000000000000       0xc4 ./Peripheral/src/ch32v00x_gpio.o
 .text.GPIO_EXTILineConfig
                0x0000000000000000       0x22 ./Peripheral/src/ch32v00x_gpio.o
 .text          0x0000000000000000        0x0 ./Peripheral/src/ch32v00x_i2c.o
 .data          0x0000000000000000        0x0 ./Peripheral/src/ch32v00x_i2c.o
 .bss           0x0000000000000000        0x0 ./Peripheral/src/ch32v00x_i2c.o
 .text.I2C_DeInit
                0x0000000000000000       0x3a ./Peripheral/src/ch32v00x_i2c.o
 .text.I2C_Init
                0x0000000000000000      0x100 ./Peripheral/src/ch32v00x_i2c.o
 .text.I2C_StructInit
                0x0000000000000000       0x18 ./Peripheral/src/ch32v00x_i2c.o
 .text.I2C_Cmd  0x0000000000000000       0x18 ./Peripheral/src/ch32v00x_i2c.o
 .text.I2C_DMACmd
                0x0000000000000000       0x1e ./Peripheral/src/ch32v00x_i2c.o
 .text.I2C_DMALastTransferCmd
                0x0000000000000000       0x16 ./Peripheral/src/ch32v00x_i2c.o
 .text.I2C_GenerateSTART
                0x0000000000000000       0x1a ./Peripheral/src/ch32v00x_i2c.o
 .text.I2C_GenerateSTOP
                0x0000000000000000       0x1a ./Peripheral/src/ch32v00x_i2c.o
 .text.I2C_AcknowledgeConfig
                0x0000000000000000       0x1a ./Peripheral/src/ch32v00x_i2c.o
 .text.I2C_OwnAddress2Config
                0x0000000000000000       0x14 ./Peripheral/src/ch32v00x_i2c.o
 .text.I2C_DualAddressCmd
                0x0000000000000000       0x18 ./Peripheral/src/ch32v00x_i2c.o
 .text.I2C_GeneralCallCmd
                0x0000000000000000       0x1a ./Peripheral/src/ch32v00x_i2c.o
 .text.I2C_ITConfig
                0x0000000000000000       0x12 ./Peripheral/src/ch32v00x_i2c.o
 .text.I2C_SendData
                0x0000000000000000        0x4 ./Peripheral/src/ch32v00x_i2c.o
 .text.I2C_ReceiveData
                0x0000000000000000        0x8 ./Peripheral/src/ch32v00x_i2c.o
 .text.I2C_Send7bitAddress
                0x0000000000000000       0x12 ./Peripheral/src/ch32v00x_i2c.o
 .text.I2C_ReadRegister
                0x0000000000000000       0x14 ./Peripheral/src/ch32v00x_i2c.o
 .text.I2C_SoftwareResetCmd
                0x0000000000000000       0x12 ./Peripheral/src/ch32v00x_i2c.o
 .text.I2C_NACKPositionConfig
                0x0000000000000000       0x22 ./Peripheral/src/ch32v00x_i2c.o
 .text.I2C_TransmitPEC
                0x0000000000000000       0x16 ./Peripheral/src/ch32v00x_i2c.o
 .text.I2C_PECPositionConfig
                0x0000000000000000       0x18 ./Peripheral/src/ch32v00x_i2c.o
 .text.I2C_CalculatePEC
                0x0000000000000000       0x1a ./Peripheral/src/ch32v00x_i2c.o
 .text.I2C_GetPEC
                0x0000000000000000        0x6 ./Peripheral/src/ch32v00x_i2c.o
 .text.I2C_ARPCmd
                0x0000000000000000       0x18 ./Peripheral/src/ch32v00x_i2c.o
 .text.I2C_StretchClockCmd
                0x0000000000000000       0x1a ./Peripheral/src/ch32v00x_i2c.o
 .text.I2C_FastModeDutyCycleConfig
                0x0000000000000000       0x1a ./Peripheral/src/ch32v00x_i2c.o
 .text.I2C_CheckEvent
                0x0000000000000000       0x16 ./Peripheral/src/ch32v00x_i2c.o
 .text.I2C_GetLastEvent
                0x0000000000000000        0xe ./Peripheral/src/ch32v00x_i2c.o
 .text.I2C_GetFlagStatus
                0x0000000000000000       0x32 ./Peripheral/src/ch32v00x_i2c.o
 .text.I2C_ClearFlag
                0x0000000000000000        0xc ./Peripheral/src/ch32v00x_i2c.o
 .text.I2C_GetITStatus
                0x0000000000000000       0x20 ./Peripheral/src/ch32v00x_i2c.o
 .text.I2C_ClearITPendingBit
                0x0000000000000000        0xc ./Peripheral/src/ch32v00x_i2c.o
 .debug_info    0x0000000000000000     0x1417 ./Peripheral/src/ch32v00x_i2c.o
 .debug_abbrev  0x0000000000000000      0x3a7 ./Peripheral/src/ch32v00x_i2c.o
 .debug_loc     0x0000000000000000      0x720 ./Peripheral/src/ch32v00x_i2c.o
 .debug_aranges
                0x0000000000000000      0x108 ./Peripheral/src/ch32v00x_i2c.o
 .debug_ranges  0x0000000000000000       0xf8 ./Peripheral/src/ch32v00x_i2c.o
 .debug_line    0x0000000000000000     0x110c ./Peripheral/src/ch32v00x_i2c.o
 .debug_str     0x0000000000000000      0xac0 ./Peripheral/src/ch32v00x_i2c.o
 .comment       0x0000000000000000       0x34 ./Peripheral/src/ch32v00x_i2c.o
 .debug_frame   0x0000000000000000      0x254 ./Peripheral/src/ch32v00x_i2c.o
 .text          0x0000000000000000        0x0 ./Peripheral/src/ch32v00x_iwdg.o
 .data          0x0000000000000000        0x0 ./Peripheral/src/ch32v00x_iwdg.o
 .bss           0x0000000000000000        0x0 ./Peripheral/src/ch32v00x_iwdg.o
 .text.IWDG_WriteAccessCmd
                0x0000000000000000        0x8 ./Peripheral/src/ch32v00x_iwdg.o
 .text.IWDG_SetPrescaler
                0x0000000000000000        0x8 ./Peripheral/src/ch32v00x_iwdg.o
 .text.IWDG_SetReload
                0x0000000000000000        0x8 ./Peripheral/src/ch32v00x_iwdg.o
 .text.IWDG_ReloadCounter
                0x0000000000000000        0xe ./Peripheral/src/ch32v00x_iwdg.o
 .text.IWDG_Enable
                0x0000000000000000       0x18 ./Peripheral/src/ch32v00x_iwdg.o
 .text.IWDG_GetFlagStatus
                0x0000000000000000        0xe ./Peripheral/src/ch32v00x_iwdg.o
 .debug_info    0x0000000000000000      0xb46 ./Peripheral/src/ch32v00x_iwdg.o
 .debug_abbrev  0x0000000000000000      0x282 ./Peripheral/src/ch32v00x_iwdg.o
 .debug_loc     0x0000000000000000       0x68 ./Peripheral/src/ch32v00x_iwdg.o
 .debug_aranges
                0x0000000000000000       0x48 ./Peripheral/src/ch32v00x_iwdg.o
 .debug_ranges  0x0000000000000000       0x38 ./Peripheral/src/ch32v00x_iwdg.o
 .debug_line    0x0000000000000000      0x47d ./Peripheral/src/ch32v00x_iwdg.o
 .debug_str     0x0000000000000000      0x707 ./Peripheral/src/ch32v00x_iwdg.o
 .comment       0x0000000000000000       0x34 ./Peripheral/src/ch32v00x_iwdg.o
 .debug_frame   0x0000000000000000       0x70 ./Peripheral/src/ch32v00x_iwdg.o
 .text          0x0000000000000000        0x0 ./Peripheral/src/ch32v00x_misc.o
 .data          0x0000000000000000        0x0 ./Peripheral/src/ch32v00x_misc.o
 .bss           0x0000000000000000        0x0 ./Peripheral/src/ch32v00x_misc.o
 .text.NVIC_PriorityGroupConfig
                0x0000000000000000        0xa ./Peripheral/src/ch32v00x_misc.o
 .text          0x0000000000000000        0x0 ./Peripheral/src/ch32v00x_opa.o
 .data          0x0000000000000000        0x0 ./Peripheral/src/ch32v00x_opa.o
 .bss           0x0000000000000000        0x0 ./Peripheral/src/ch32v00x_opa.o
 .text.OPA_DeInit
                0x0000000000000000       0x16 ./Peripheral/src/ch32v00x_opa.o
 .text.OPA_Init
                0x0000000000000000       0x22 ./Peripheral/src/ch32v00x_opa.o
 .text.OPA_StructInit
                0x0000000000000000        0xa ./Peripheral/src/ch32v00x_opa.o
 .text.OPA_Cmd  0x0000000000000000       0x2c ./Peripheral/src/ch32v00x_opa.o
 .debug_info    0x0000000000000000      0xaa5 ./Peripheral/src/ch32v00x_opa.o
 .debug_abbrev  0x0000000000000000      0x230 ./Peripheral/src/ch32v00x_opa.o
 .debug_loc     0x0000000000000000       0x35 ./Peripheral/src/ch32v00x_opa.o
 .debug_aranges
                0x0000000000000000       0x38 ./Peripheral/src/ch32v00x_opa.o
 .debug_ranges  0x0000000000000000       0x28 ./Peripheral/src/ch32v00x_opa.o
 .debug_line    0x0000000000000000      0x473 ./Peripheral/src/ch32v00x_opa.o
 .debug_str     0x0000000000000000      0x67b ./Peripheral/src/ch32v00x_opa.o
 .comment       0x0000000000000000       0x34 ./Peripheral/src/ch32v00x_opa.o
 .debug_frame   0x0000000000000000       0x50 ./Peripheral/src/ch32v00x_opa.o
 .text          0x0000000000000000        0x0 ./Peripheral/src/ch32v00x_pwr.o
 .data          0x0000000000000000        0x0 ./Peripheral/src/ch32v00x_pwr.o
 .bss           0x0000000000000000        0x0 ./Peripheral/src/ch32v00x_pwr.o
 .text.PWR_DeInit
                0x0000000000000000       0x2c ./Peripheral/src/ch32v00x_pwr.o
 .text.PWR_PVDCmd
                0x0000000000000000       0x14 ./Peripheral/src/ch32v00x_pwr.o
 .text.PWR_PVDLevelConfig
                0x0000000000000000       0x10 ./Peripheral/src/ch32v00x_pwr.o
 .text.PWR_AutoWakeUpCmd
                0x0000000000000000       0x14 ./Peripheral/src/ch32v00x_pwr.o
 .text.PWR_AWU_SetPrescaler
                0x0000000000000000        0xe ./Peripheral/src/ch32v00x_pwr.o
 .text.PWR_AWU_SetWindowValue
                0x0000000000000000       0x1e ./Peripheral/src/ch32v00x_pwr.o
 .text.PWR_EnterSTANDBYMode
                0x0000000000000000       0xfc ./Peripheral/src/ch32v00x_pwr.o
 .text.PWR_GetFlagStatus
                0x0000000000000000        0xe ./Peripheral/src/ch32v00x_pwr.o
 .debug_info    0x0000000000000000      0xf00 ./Peripheral/src/ch32v00x_pwr.o
 .debug_abbrev  0x0000000000000000      0x359 ./Peripheral/src/ch32v00x_pwr.o
 .debug_loc     0x0000000000000000      0x19a ./Peripheral/src/ch32v00x_pwr.o
 .debug_aranges
                0x0000000000000000       0x58 ./Peripheral/src/ch32v00x_pwr.o
 .debug_ranges  0x0000000000000000       0x90 ./Peripheral/src/ch32v00x_pwr.o
 .debug_line    0x0000000000000000      0x7d1 ./Peripheral/src/ch32v00x_pwr.o
 .debug_str     0x0000000000000000      0x80d ./Peripheral/src/ch32v00x_pwr.o
 .comment       0x0000000000000000       0x34 ./Peripheral/src/ch32v00x_pwr.o
 .debug_frame   0x0000000000000000       0xb8 ./Peripheral/src/ch32v00x_pwr.o
 .text          0x0000000000000000        0x0 ./Peripheral/src/ch32v00x_rcc.o
 .data          0x0000000000000000        0x0 ./Peripheral/src/ch32v00x_rcc.o
 .bss           0x0000000000000000        0x0 ./Peripheral/src/ch32v00x_rcc.o
 .text.RCC_HSEConfig
                0x0000000000000000       0x3c ./Peripheral/src/ch32v00x_rcc.o
 .text.RCC_AdjustHSICalibrationValue
                0x0000000000000000       0x12 ./Peripheral/src/ch32v00x_rcc.o
 .text.RCC_DeInit
                0x0000000000000000       0x58 ./Peripheral/src/ch32v00x_rcc.o
 .text.RCC_HSICmd
                0x0000000000000000       0x14 ./Peripheral/src/ch32v00x_rcc.o
 .text.RCC_PLLConfig
                0x0000000000000000       0x12 ./Peripheral/src/ch32v00x_rcc.o
 .text.RCC_PLLCmd
                0x0000000000000000       0x24 ./Peripheral/src/ch32v00x_rcc.o
 .text.RCC_SYSCLKConfig
                0x0000000000000000       0x4e ./Peripheral/src/ch32v00x_rcc.o
 .text.RCC_GetSYSCLKSource
                0x0000000000000000        0xa ./Peripheral/src/ch32v00x_rcc.o
 .text.RCC_HCLKConfig
                0x0000000000000000       0x10 ./Peripheral/src/ch32v00x_rcc.o
 .text.RCC_ITConfig
                0x0000000000000000       0x16 ./Peripheral/src/ch32v00x_rcc.o
 .text.RCC_ADCCLKConfig
                0x0000000000000000       0x14 ./Peripheral/src/ch32v00x_rcc.o
 .text.RCC_LSICmd
                0x0000000000000000       0x14 ./Peripheral/src/ch32v00x_rcc.o
 .text.RCC_GetClocksFreq
                0x0000000000000000       0xb2 ./Peripheral/src/ch32v00x_rcc.o
 .text.RCC_AHBPeriphClockCmd
                0x0000000000000000       0x1e ./Peripheral/src/ch32v00x_rcc.o
 .text.RCC_APB2PeriphResetCmd
                0x0000000000000000       0x1e ./Peripheral/src/ch32v00x_rcc.o
 .text.RCC_APB1PeriphResetCmd
                0x0000000000000000       0x1e ./Peripheral/src/ch32v00x_rcc.o
 .text.RCC_ClockSecuritySystemCmd
                0x0000000000000000       0x24 ./Peripheral/src/ch32v00x_rcc.o
 .text.RCC_MCOConfig
                0x0000000000000000        0x8 ./Peripheral/src/ch32v00x_rcc.o
 .text.RCC_GetFlagStatus
                0x0000000000000000       0x20 ./Peripheral/src/ch32v00x_rcc.o
 .text.RCC_WaitForHSEStartUp
                0x0000000000000000       0x42 ./Peripheral/src/ch32v00x_rcc.o
 .text.RCC_ClearFlag
                0x0000000000000000       0x10 ./Peripheral/src/ch32v00x_rcc.o
 .text.RCC_GetITStatus
                0x0000000000000000        0xe ./Peripheral/src/ch32v00x_rcc.o
 .text.RCC_ClearITPendingBit
                0x0000000000000000        0x8 ./Peripheral/src/ch32v00x_rcc.o
 .data.ADCPrescTable
                0x0000000000000000       0x14 ./Peripheral/src/ch32v00x_rcc.o
 .data.APBAHBPrescTable
                0x0000000000000000       0x10 ./Peripheral/src/ch32v00x_rcc.o
 .text          0x0000000000000000        0x0 ./Peripheral/src/ch32v00x_spi.o
 .data          0x0000000000000000        0x0 ./Peripheral/src/ch32v00x_spi.o
 .bss           0x0000000000000000        0x0 ./Peripheral/src/ch32v00x_spi.o
 .text.SPI_I2S_DeInit
                0x0000000000000000       0x32 ./Peripheral/src/ch32v00x_spi.o
 .text.SPI_Init
                0x0000000000000000       0x32 ./Peripheral/src/ch32v00x_spi.o
 .text.SPI_StructInit
                0x0000000000000000       0x22 ./Peripheral/src/ch32v00x_spi.o
 .text.SPI_Cmd  0x0000000000000000       0x1a ./Peripheral/src/ch32v00x_spi.o
 .text.SPI_I2S_ITConfig
                0x0000000000000000       0x1e ./Peripheral/src/ch32v00x_spi.o
 .text.SPI_I2S_DMACmd
                0x0000000000000000       0x12 ./Peripheral/src/ch32v00x_spi.o
 .text.SPI_I2S_SendData
                0x0000000000000000        0x4 ./Peripheral/src/ch32v00x_spi.o
 .text.SPI_I2S_ReceiveData
                0x0000000000000000        0x4 ./Peripheral/src/ch32v00x_spi.o
 .text.SPI_NSSInternalSoftwareConfig
                0x0000000000000000       0x24 ./Peripheral/src/ch32v00x_spi.o
 .text.SPI_SSOutputCmd
                0x0000000000000000       0x18 ./Peripheral/src/ch32v00x_spi.o
 .text.SPI_DataSizeConfig
                0x0000000000000000       0x14 ./Peripheral/src/ch32v00x_spi.o
 .text.SPI_TransmitCRC
                0x0000000000000000        0xa ./Peripheral/src/ch32v00x_spi.o
 .text.SPI_CalculateCRC
                0x0000000000000000       0x16 ./Peripheral/src/ch32v00x_spi.o
 .text.SPI_GetCRC
                0x0000000000000000       0x12 ./Peripheral/src/ch32v00x_spi.o
 .text.SPI_GetCRCPolynomial
                0x0000000000000000        0x4 ./Peripheral/src/ch32v00x_spi.o
 .text.SPI_BiDirectionalLineConfig
                0x0000000000000000       0x1a ./Peripheral/src/ch32v00x_spi.o
 .text.SPI_I2S_GetFlagStatus
                0x0000000000000000        0xa ./Peripheral/src/ch32v00x_spi.o
 .text.SPI_I2S_ClearFlag
                0x0000000000000000        0xc ./Peripheral/src/ch32v00x_spi.o
 .text.SPI_I2S_GetITStatus
                0x0000000000000000       0x28 ./Peripheral/src/ch32v00x_spi.o
 .text.SPI_I2S_ClearITPendingBit
                0x0000000000000000       0x14 ./Peripheral/src/ch32v00x_spi.o
 .debug_info    0x0000000000000000     0x1068 ./Peripheral/src/ch32v00x_spi.o
 .debug_abbrev  0x0000000000000000      0x303 ./Peripheral/src/ch32v00x_spi.o
 .debug_loc     0x0000000000000000      0x429 ./Peripheral/src/ch32v00x_spi.o
 .debug_aranges
                0x0000000000000000       0xb8 ./Peripheral/src/ch32v00x_spi.o
 .debug_ranges  0x0000000000000000       0xa8 ./Peripheral/src/ch32v00x_spi.o
 .debug_line    0x0000000000000000      0xa5f ./Peripheral/src/ch32v00x_spi.o
 .debug_str     0x0000000000000000      0x947 ./Peripheral/src/ch32v00x_spi.o
 .comment       0x0000000000000000       0x34 ./Peripheral/src/ch32v00x_spi.o
 .debug_frame   0x0000000000000000      0x15c ./Peripheral/src/ch32v00x_spi.o
 .text          0x0000000000000000        0x0 ./Peripheral/src/ch32v00x_tim.o
 .data          0x0000000000000000        0x0 ./Peripheral/src/ch32v00x_tim.o
 .bss           0x0000000000000000        0x0 ./Peripheral/src/ch32v00x_tim.o
 .text.TI1_Config
                0x0000000000000000       0x5a ./Peripheral/src/ch32v00x_tim.o
 .text.TI2_Config
                0x0000000000000000       0x70 ./Peripheral/src/ch32v00x_tim.o
 .text.TIM_DeInit
                0x0000000000000000       0x5c ./Peripheral/src/ch32v00x_tim.o
 .text.TIM_BDTRConfig
                0x0000000000000000       0x20 ./Peripheral/src/ch32v00x_tim.o
 .text.TIM_TimeBaseStructInit
                0x0000000000000000       0x16 ./Peripheral/src/ch32v00x_tim.o
 .text.TIM_OCStructInit
                0x0000000000000000       0x22 ./Peripheral/src/ch32v00x_tim.o
 .text.TIM_ICStructInit
                0x0000000000000000       0x16 ./Peripheral/src/ch32v00x_tim.o
 .text.TIM_BDTRStructInit
                0x0000000000000000       0x1e ./Peripheral/src/ch32v00x_tim.o
 .text.TIM_GenerateEvent
                0x0000000000000000        0x4 ./Peripheral/src/ch32v00x_tim.o
 .text.TIM_DMAConfig
                0x0000000000000000        0x8 ./Peripheral/src/ch32v00x_tim.o
 .text.TIM_DMACmd
                0x0000000000000000       0x18 ./Peripheral/src/ch32v00x_tim.o
 .text.TIM_InternalClockConfig
                0x0000000000000000       0x10 ./Peripheral/src/ch32v00x_tim.o
 .text.TIM_ITRxExternalClockConfig
                0x0000000000000000       0x18 ./Peripheral/src/ch32v00x_tim.o
 .text.TIM_TIxExternalClockConfig
                0x0000000000000000       0x48 ./Peripheral/src/ch32v00x_tim.o
 .text.TIM_ETRConfig
                0x0000000000000000       0x16 ./Peripheral/src/ch32v00x_tim.o
 .text.TIM_ETRClockMode1Config
                0x0000000000000000       0x2a ./Peripheral/src/ch32v00x_tim.o
 .text.TIM_ETRClockMode2Config
                0x0000000000000000       0x22 ./Peripheral/src/ch32v00x_tim.o
 .text.TIM_PrescalerConfig
                0x0000000000000000        0x6 ./Peripheral/src/ch32v00x_tim.o
 .text.TIM_CounterModeConfig
                0x0000000000000000       0x10 ./Peripheral/src/ch32v00x_tim.o
 .text.TIM_SelectInputTrigger
                0x0000000000000000       0x10 ./Peripheral/src/ch32v00x_tim.o
 .text.TIM_EncoderInterfaceConfig
                0x0000000000000000       0x3c ./Peripheral/src/ch32v00x_tim.o
 .text.TIM_ForcedOC1Config
                0x0000000000000000       0x10 ./Peripheral/src/ch32v00x_tim.o
 .text.TIM_ForcedOC2Config
                0x0000000000000000       0x14 ./Peripheral/src/ch32v00x_tim.o
 .text.TIM_ForcedOC3Config
                0x0000000000000000       0x10 ./Peripheral/src/ch32v00x_tim.o
 .text.TIM_ForcedOC4Config
                0x0000000000000000       0x14 ./Peripheral/src/ch32v00x_tim.o
 .text.TIM_SelectCOM
                0x0000000000000000       0x18 ./Peripheral/src/ch32v00x_tim.o
 .text.TIM_SelectCCDMA
                0x0000000000000000       0x18 ./Peripheral/src/ch32v00x_tim.o
 .text.TIM_CCPreloadControl
                0x0000000000000000       0x18 ./Peripheral/src/ch32v00x_tim.o
 .text.TIM_OC1FastConfig
                0x0000000000000000        0xe ./Peripheral/src/ch32v00x_tim.o
 .text.TIM_OC2FastConfig
                0x0000000000000000       0x16 ./Peripheral/src/ch32v00x_tim.o
 .text.TIM_OC3FastConfig
                0x0000000000000000        0xe ./Peripheral/src/ch32v00x_tim.o
 .text.TIM_OC4FastConfig
                0x0000000000000000       0x16 ./Peripheral/src/ch32v00x_tim.o
 .text.TIM_ClearOC1Ref
                0x0000000000000000       0x10 ./Peripheral/src/ch32v00x_tim.o
 .text.TIM_ClearOC2Ref
                0x0000000000000000       0x12 ./Peripheral/src/ch32v00x_tim.o
 .text.TIM_ClearOC3Ref
                0x0000000000000000       0x10 ./Peripheral/src/ch32v00x_tim.o
 .text.TIM_ClearOC4Ref
                0x0000000000000000       0x12 ./Peripheral/src/ch32v00x_tim.o
 .text.TIM_OC1PolarityConfig
                0x0000000000000000        0xe ./Peripheral/src/ch32v00x_tim.o
 .text.TIM_OC1NPolarityConfig
                0x0000000000000000        0xe ./Peripheral/src/ch32v00x_tim.o
 .text.TIM_OC2PolarityConfig
                0x0000000000000000       0x16 ./Peripheral/src/ch32v00x_tim.o
 .text.TIM_OC2NPolarityConfig
                0x0000000000000000       0x16 ./Peripheral/src/ch32v00x_tim.o
 .text.TIM_OC3PolarityConfig
                0x0000000000000000       0x16 ./Peripheral/src/ch32v00x_tim.o
 .text.TIM_OC3NPolarityConfig
                0x0000000000000000       0x16 ./Peripheral/src/ch32v00x_tim.o
 .text.TIM_OC4PolarityConfig
                0x0000000000000000       0x14 ./Peripheral/src/ch32v00x_tim.o
 .text.TIM_CCxCmd
                0x0000000000000000       0x20 ./Peripheral/src/ch32v00x_tim.o
 .text.TIM_CCxNCmd
                0x0000000000000000       0x20 ./Peripheral/src/ch32v00x_tim.o
 .text.TIM_SelectOCxM
                0x0000000000000000       0x4c ./Peripheral/src/ch32v00x_tim.o
 .text.TIM_UpdateDisableConfig
                0x0000000000000000       0x18 ./Peripheral/src/ch32v00x_tim.o
 .text.TIM_UpdateRequestConfig
                0x0000000000000000       0x18 ./Peripheral/src/ch32v00x_tim.o
 .text.TIM_SelectHallSensor
                0x0000000000000000       0x1a ./Peripheral/src/ch32v00x_tim.o
 .text.TIM_SelectOnePulseMode
                0x0000000000000000       0x16 ./Peripheral/src/ch32v00x_tim.o
 .text.TIM_SelectOutputTrigger
                0x0000000000000000       0x18 ./Peripheral/src/ch32v00x_tim.o
 .text.TIM_SelectSlaveMode
                0x0000000000000000       0x16 ./Peripheral/src/ch32v00x_tim.o
 .text.TIM_SelectMasterSlaveMode
                0x0000000000000000       0x18 ./Peripheral/src/ch32v00x_tim.o
 .text.TIM_SetCounter
                0x0000000000000000        0x4 ./Peripheral/src/ch32v00x_tim.o
 .text.TIM_SetAutoreload
                0x0000000000000000        0x4 ./Peripheral/src/ch32v00x_tim.o
 .text.TIM_SetCompare2
                0x0000000000000000        0x4 ./Peripheral/src/ch32v00x_tim.o
 .text.TIM_SetIC1Prescaler
                0x0000000000000000       0x16 ./Peripheral/src/ch32v00x_tim.o
 .text.TIM_SetIC2Prescaler
                0x0000000000000000       0x1a ./Peripheral/src/ch32v00x_tim.o
 .text.TIM_PWMIConfig
                0x0000000000000000       0xa4 ./Peripheral/src/ch32v00x_tim.o
 .text.TIM_SetIC3Prescaler
                0x0000000000000000       0x16 ./Peripheral/src/ch32v00x_tim.o
 .text.TIM_SetIC4Prescaler
                0x0000000000000000       0x1a ./Peripheral/src/ch32v00x_tim.o
 .text.TIM_ICInit
                0x0000000000000000      0x148 ./Peripheral/src/ch32v00x_tim.o
 .text.TIM_SetClockDivision
                0x0000000000000000       0x18 ./Peripheral/src/ch32v00x_tim.o
 .text.TIM_GetCapture1
                0x0000000000000000        0x8 ./Peripheral/src/ch32v00x_tim.o
 .text.TIM_GetCapture2
                0x0000000000000000        0x8 ./Peripheral/src/ch32v00x_tim.o
 .text.TIM_GetCapture3
                0x0000000000000000        0x8 ./Peripheral/src/ch32v00x_tim.o
 .text.TIM_GetCapture4
                0x0000000000000000        0x8 ./Peripheral/src/ch32v00x_tim.o
 .text.TIM_GetCounter
                0x0000000000000000        0x4 ./Peripheral/src/ch32v00x_tim.o
 .text.TIM_GetPrescaler
                0x0000000000000000        0x4 ./Peripheral/src/ch32v00x_tim.o
 .text.TIM_GetFlagStatus
                0x0000000000000000        0xa ./Peripheral/src/ch32v00x_tim.o
 .text.TIM_ClearFlag
                0x0000000000000000        0xc ./Peripheral/src/ch32v00x_tim.o
 .text.TIM_IndicateCaptureLevelCmd
                0x0000000000000000       0x12 ./Peripheral/src/ch32v00x_tim.o
 .text          0x0000000000000000        0x0 ./Peripheral/src/ch32v00x_usart.o
 .data          0x0000000000000000        0x0 ./Peripheral/src/ch32v00x_usart.o
 .bss           0x0000000000000000        0x0 ./Peripheral/src/ch32v00x_usart.o
 .text.USART_DeInit
                0x0000000000000000       0x36 ./Peripheral/src/ch32v00x_usart.o
 .text.USART_Init
                0x0000000000000000       0xee ./Peripheral/src/ch32v00x_usart.o
 .text.USART_StructInit
                0x0000000000000000       0x18 ./Peripheral/src/ch32v00x_usart.o
 .text.USART_ClockInit
                0x0000000000000000       0x1e ./Peripheral/src/ch32v00x_usart.o
 .text.USART_ClockStructInit
                0x0000000000000000       0x12 ./Peripheral/src/ch32v00x_usart.o
 .text.USART_Cmd
                0x0000000000000000       0x16 ./Peripheral/src/ch32v00x_usart.o
 .text.USART_ITConfig
                0x0000000000000000       0x36 ./Peripheral/src/ch32v00x_usart.o
 .text.USART_DMACmd
                0x0000000000000000       0x12 ./Peripheral/src/ch32v00x_usart.o
 .text.USART_SetAddress
                0x0000000000000000       0x16 ./Peripheral/src/ch32v00x_usart.o
 .text.USART_WakeUpConfig
                0x0000000000000000       0x14 ./Peripheral/src/ch32v00x_usart.o
 .text.USART_ReceiverWakeUpCmd
                0x0000000000000000       0x18 ./Peripheral/src/ch32v00x_usart.o
 .text.USART_LINBreakDetectLengthConfig
                0x0000000000000000       0x18 ./Peripheral/src/ch32v00x_usart.o
 .text.USART_LINCmd
                0x0000000000000000       0x16 ./Peripheral/src/ch32v00x_usart.o
 .text.USART_SendData
                0x0000000000000000        0x8 ./Peripheral/src/ch32v00x_usart.o
 .text.USART_ReceiveData
                0x0000000000000000        0x8 ./Peripheral/src/ch32v00x_usart.o
 .text.USART_SendBreak
                0x0000000000000000        0xa ./Peripheral/src/ch32v00x_usart.o
 .text.USART_SetGuardTime
                0x0000000000000000       0x12 ./Peripheral/src/ch32v00x_usart.o
 .text.USART_SetPrescaler
                0x0000000000000000       0x18 ./Peripheral/src/ch32v00x_usart.o
 .text.USART_SmartCardCmd
                0x0000000000000000       0x1a ./Peripheral/src/ch32v00x_usart.o
 .text.USART_SmartCardNACKCmd
                0x0000000000000000       0x18 ./Peripheral/src/ch32v00x_usart.o
 .text.USART_HalfDuplexCmd
                0x0000000000000000       0x18 ./Peripheral/src/ch32v00x_usart.o
 .text.USART_OverSampling8Cmd
                0x0000000000000000       0x12 ./Peripheral/src/ch32v00x_usart.o
 .text.USART_OneBitMethodCmd
                0x0000000000000000       0x1e ./Peripheral/src/ch32v00x_usart.o
 .text.USART_IrDAConfig
                0x0000000000000000       0x16 ./Peripheral/src/ch32v00x_usart.o
 .text.USART_IrDACmd
                0x0000000000000000       0x18 ./Peripheral/src/ch32v00x_usart.o
 .text.USART_GetFlagStatus
                0x0000000000000000        0xa ./Peripheral/src/ch32v00x_usart.o
 .text.USART_ClearFlag
                0x0000000000000000        0xc ./Peripheral/src/ch32v00x_usart.o
 .text.USART_GetITStatus
                0x0000000000000000       0x3c ./Peripheral/src/ch32v00x_usart.o
 .text.USART_ClearITPendingBit
                0x0000000000000000       0x14 ./Peripheral/src/ch32v00x_usart.o
 .debug_info    0x0000000000000000     0x1351 ./Peripheral/src/ch32v00x_usart.o
 .debug_abbrev  0x0000000000000000      0x323 ./Peripheral/src/ch32v00x_usart.o
 .debug_loc     0x0000000000000000      0x735 ./Peripheral/src/ch32v00x_usart.o
 .debug_aranges
                0x0000000000000000      0x100 ./Peripheral/src/ch32v00x_usart.o
 .debug_ranges  0x0000000000000000       0xf0 ./Peripheral/src/ch32v00x_usart.o
 .debug_line    0x0000000000000000      0xf96 ./Peripheral/src/ch32v00x_usart.o
 .debug_str     0x0000000000000000      0xb0e ./Peripheral/src/ch32v00x_usart.o
 .comment       0x0000000000000000       0x34 ./Peripheral/src/ch32v00x_usart.o
 .debug_frame   0x0000000000000000      0x204 ./Peripheral/src/ch32v00x_usart.o
 .text          0x0000000000000000        0x0 ./Peripheral/src/ch32v00x_wwdg.o
 .data          0x0000000000000000        0x0 ./Peripheral/src/ch32v00x_wwdg.o
 .bss           0x0000000000000000        0x0 ./Peripheral/src/ch32v00x_wwdg.o
 .text.WWDG_DeInit
                0x0000000000000000       0x2e ./Peripheral/src/ch32v00x_wwdg.o
 .text.WWDG_SetPrescaler
                0x0000000000000000       0x14 ./Peripheral/src/ch32v00x_wwdg.o
 .text.WWDG_SetWindowValue
                0x0000000000000000       0x26 ./Peripheral/src/ch32v00x_wwdg.o
 .text.WWDG_EnableIT
                0x0000000000000000       0x12 ./Peripheral/src/ch32v00x_wwdg.o
 .text.WWDG_SetCounter
                0x0000000000000000        0xe ./Peripheral/src/ch32v00x_wwdg.o
 .text.WWDG_Enable
                0x0000000000000000        0xe ./Peripheral/src/ch32v00x_wwdg.o
 .text.WWDG_GetFlagStatus
                0x0000000000000000        0xa ./Peripheral/src/ch32v00x_wwdg.o
 .text.WWDG_ClearFlag
                0x0000000000000000        0xa ./Peripheral/src/ch32v00x_wwdg.o
 .debug_info    0x0000000000000000      0xb27 ./Peripheral/src/ch32v00x_wwdg.o
 .debug_abbrev  0x0000000000000000      0x29d ./Peripheral/src/ch32v00x_wwdg.o
 .debug_loc     0x0000000000000000       0xae ./Peripheral/src/ch32v00x_wwdg.o
 .debug_aranges
                0x0000000000000000       0x58 ./Peripheral/src/ch32v00x_wwdg.o
 .debug_ranges  0x0000000000000000       0x48 ./Peripheral/src/ch32v00x_wwdg.o
 .debug_line    0x0000000000000000      0x521 ./Peripheral/src/ch32v00x_wwdg.o
 .debug_str     0x0000000000000000      0x6c0 ./Peripheral/src/ch32v00x_wwdg.o
 .comment       0x0000000000000000       0x34 ./Peripheral/src/ch32v00x_wwdg.o
 .debug_frame   0x0000000000000000       0xa4 ./Peripheral/src/ch32v00x_wwdg.o
 .text          0x0000000000000000        0x0 ./Debug/debug.o
 .data          0x0000000000000000        0x0 ./Debug/debug.o
 .bss           0x0000000000000000        0x0 ./Debug/debug.o
 .text.Delay_Us
                0x0000000000000000       0x4a ./Debug/debug.o
 .text.Delay_Ms
                0x0000000000000000       0x4a ./Debug/debug.o
 .text.USART_Printf_Init
                0x0000000000000000       0x74 ./Debug/debug.o
 .text.SDI_Printf_Enable
                0x0000000000000000       0x2a ./Debug/debug.o
 .text._write   0x0000000000000000       0x60 ./Debug/debug.o
 .text._sbrk    0x0000000000000000       0x2e ./Debug/debug.o
 .data.curbrk.4091
                0x0000000000000000        0x4 ./Debug/debug.o
 .text          0x0000000000000000        0x0 ./Core/core_riscv.o
 .data          0x0000000000000000        0x0 ./Core/core_riscv.o
 .bss           0x0000000000000000        0x0 ./Core/core_riscv.o
 .text.__get_MSTATUS
                0x0000000000000000        0x6 ./Core/core_riscv.o
 .text.__set_MSTATUS
                0x0000000000000000        0x6 ./Core/core_riscv.o
 .text.__get_MISA
                0x0000000000000000        0x6 ./Core/core_riscv.o
 .text.__set_MISA
                0x0000000000000000        0x6 ./Core/core_riscv.o
 .text.__get_MTVEC
                0x0000000000000000        0x6 ./Core/core_riscv.o
 .text.__set_MTVEC
                0x0000000000000000        0x6 ./Core/core_riscv.o
 .text.__get_MSCRATCH
                0x0000000000000000        0x6 ./Core/core_riscv.o
 .text.__set_MSCRATCH
                0x0000000000000000        0x6 ./Core/core_riscv.o
 .text.__get_MEPC
                0x0000000000000000        0x6 ./Core/core_riscv.o
 .text.__set_MEPC
                0x0000000000000000        0x6 ./Core/core_riscv.o
 .text.__get_MCAUSE
                0x0000000000000000        0x6 ./Core/core_riscv.o
 .text.__set_MCAUSE
                0x0000000000000000        0x6 ./Core/core_riscv.o
 .text.__get_MVENDORID
                0x0000000000000000        0x6 ./Core/core_riscv.o
 .text.__get_MARCHID
                0x0000000000000000        0x6 ./Core/core_riscv.o
 .text.__get_MIMPID
                0x0000000000000000        0x6 ./Core/core_riscv.o
 .text.__get_MHARTID
                0x0000000000000000        0x6 ./Core/core_riscv.o
 .text.__get_SP
                0x0000000000000000        0x4 ./Core/core_riscv.o
 .highcode      0x0000000000000000        0xa ./Core/core_riscv.o
 .debug_info    0x0000000000000000      0x349 ./Core/core_riscv.o
 .debug_abbrev  0x0000000000000000      0x10d ./Core/core_riscv.o
 .debug_aranges
                0x0000000000000000       0xa8 ./Core/core_riscv.o
 .debug_ranges  0x0000000000000000       0x98 ./Core/core_riscv.o
 .debug_line    0x0000000000000000      0x478 ./Core/core_riscv.o
 .debug_str     0x0000000000000000      0x292 ./Core/core_riscv.o
 .comment       0x0000000000000000       0x34 ./Core/core_riscv.o
 .debug_frame   0x0000000000000000      0x130 ./Core/core_riscv.o
 .data          0x0000000000000000        0x0 c:/mounriver/mounriver_studio2/resources/app/resources/win32/components/wch/toolchain/risc-v embedded gcc/bin/../lib/gcc/riscv-none-embed/8.2.0/rv32ecxw/ilp32e\libgcc.a(save-restore.o)
 .bss           0x0000000000000000        0x0 c:/mounriver/mounriver_studio2/resources/app/resources/win32/components/wch/toolchain/risc-v embedded gcc/bin/../lib/gcc/riscv-none-embed/8.2.0/rv32ecxw/ilp32e\libgcc.a(save-restore.o)
 .eh_frame      0x0000000000000000       0x68 c:/mounriver/mounriver_studio2/resources/app/resources/win32/components/wch/toolchain/risc-v embedded gcc/bin/../lib/gcc/riscv-none-embed/8.2.0/rv32ecxw/ilp32e\libgcc.a(save-restore.o)
 .data          0x0000000000000000        0x0 c:/mounriver/mounriver_studio2/resources/app/resources/win32/components/wch/toolchain/risc-v embedded gcc/bin/../lib/gcc/riscv-none-embed/8.2.0/rv32ecxw/ilp32e\libgcc.a(muldi3.o)
 .bss           0x0000000000000000        0x0 c:/mounriver/mounriver_studio2/resources/app/resources/win32/components/wch/toolchain/risc-v embedded gcc/bin/../lib/gcc/riscv-none-embed/8.2.0/rv32ecxw/ilp32e\libgcc.a(muldi3.o)
 .data          0x0000000000000000        0x0 c:/mounriver/mounriver_studio2/resources/app/resources/win32/components/wch/toolchain/risc-v embedded gcc/bin/../lib/gcc/riscv-none-embed/8.2.0/rv32ecxw/ilp32e\libgcc.a(div.o)
 .bss           0x0000000000000000        0x0 c:/mounriver/mounriver_studio2/resources/app/resources/win32/components/wch/toolchain/risc-v embedded gcc/bin/../lib/gcc/riscv-none-embed/8.2.0/rv32ecxw/ilp32e\libgcc.a(div.o)

Memory Configuration

Name             Origin             Length             Attributes
FLASH            0x0000000000000000 0x0000000000004000 xr
RAM              0x0000000020000000 0x0000000000000800 xrw
*default*        0x0000000000000000 0xffffffffffffffff

Linker script and memory map

LOAD ./User/ch32v00x_it.o
LOAD ./User/color_data.o
LOAD ./User/main.o
LOAD ./User/mode_function.o
LOAD ./User/pwm.o
LOAD ./User/ram.o
LOAD ./User/sequence.o
LOAD ./User/spi.o
LOAD ./User/system_ch32v00x.o
LOAD ./User/timer.o
LOAD ./Startup/startup_ch32v00x.o
LOAD ./Peripheral/src/ch32v00x_adc.o
LOAD ./Peripheral/src/ch32v00x_dbgmcu.o
LOAD ./Peripheral/src/ch32v00x_dma.o
LOAD ./Peripheral/src/ch32v00x_exti.o
LOAD ./Peripheral/src/ch32v00x_flash.o
LOAD ./Peripheral/src/ch32v00x_gpio.o
LOAD ./Peripheral/src/ch32v00x_i2c.o
LOAD ./Peripheral/src/ch32v00x_iwdg.o
LOAD ./Peripheral/src/ch32v00x_misc.o
LOAD ./Peripheral/src/ch32v00x_opa.o
LOAD ./Peripheral/src/ch32v00x_pwr.o
LOAD ./Peripheral/src/ch32v00x_rcc.o
LOAD ./Peripheral/src/ch32v00x_spi.o
LOAD ./Peripheral/src/ch32v00x_tim.o
LOAD ./Peripheral/src/ch32v00x_usart.o
LOAD ./Peripheral/src/ch32v00x_wwdg.o
LOAD ./Debug/debug.o
LOAD ./Core/core_riscv.o
LOAD c:/mounriver/mounriver_studio2/resources/app/resources/win32/components/wch/toolchain/risc-v embedded gcc/bin/../lib/gcc/riscv-none-embed/8.2.0/../../../../riscv-none-embed/lib/rv32ecxw/ilp32e\libm.a
LOAD c:/mounriver/mounriver_studio2/resources/app/resources/win32/components/wch/toolchain/risc-v embedded gcc/bin/../lib/gcc/riscv-none-embed/8.2.0/../../../../riscv-none-embed/lib/rv32ecxw/ilp32e\libprintf.a
LOAD c:/mounriver/mounriver_studio2/resources/app/resources/win32/components/wch/toolchain/risc-v embedded gcc/bin/../lib/gcc/riscv-none-embed/8.2.0/rv32ecxw/ilp32e\libgcc.a
LOAD c:/mounriver/mounriver_studio2/resources/app/resources/win32/components/wch/toolchain/risc-v embedded gcc/bin/../lib/gcc/riscv-none-embed/8.2.0/../../../../riscv-none-embed/lib/rv32ecxw/ilp32e\libg_nano.a
LOAD c:/mounriver/mounriver_studio2/resources/app/resources/win32/components/wch/toolchain/risc-v embedded gcc/bin/../lib/gcc/riscv-none-embed/8.2.0/../../../../riscv-none-embed/lib/rv32ecxw/ilp32e\libc_nano.a
LOAD c:/mounriver/mounriver_studio2/resources/app/resources/win32/components/wch/toolchain/risc-v embedded gcc/bin/../lib/gcc/riscv-none-embed/8.2.0/rv32ecxw/ilp32e\libgcc.a
START GROUP
LOAD c:/mounriver/mounriver_studio2/resources/app/resources/win32/components/wch/toolchain/risc-v embedded gcc/bin/../lib/gcc/riscv-none-embed/8.2.0/rv32ecxw/ilp32e\libgcc.a
LOAD c:/mounriver/mounriver_studio2/resources/app/resources/win32/components/wch/toolchain/risc-v embedded gcc/bin/../lib/gcc/riscv-none-embed/8.2.0/../../../../riscv-none-embed/lib/rv32ecxw/ilp32e\libc_nano.a
LOAD c:/mounriver/mounriver_studio2/resources/app/resources/win32/components/wch/toolchain/risc-v embedded gcc/bin/../lib/gcc/riscv-none-embed/8.2.0/../../../../riscv-none-embed/lib/rv32ecxw/ilp32e\libnosys.a
END GROUP
START GROUP
LOAD c:/mounriver/mounriver_studio2/resources/app/resources/win32/components/wch/toolchain/risc-v embedded gcc/bin/../lib/gcc/riscv-none-embed/8.2.0/rv32ecxw/ilp32e\libgcc.a
LOAD c:/mounriver/mounriver_studio2/resources/app/resources/win32/components/wch/toolchain/risc-v embedded gcc/bin/../lib/gcc/riscv-none-embed/8.2.0/../../../../riscv-none-embed/lib/rv32ecxw/ilp32e\libc_nano.a
LOAD c:/mounriver/mounriver_studio2/resources/app/resources/win32/components/wch/toolchain/risc-v embedded gcc/bin/../lib/gcc/riscv-none-embed/8.2.0/../../../../riscv-none-embed/lib/rv32ecxw/ilp32e\libnosys.a
END GROUP
                0x0000000000000100                __stack_size = 0x100
                [!provide]                        PROVIDE (_stack_size = __stack_size)

.init           0x0000000000000000       0xa0
                0x0000000000000000                _sinit = .
                0x0000000000000000                . = ALIGN (0x4)
 *(SORT_NONE(.init))
 .init          0x0000000000000000       0x9e ./Startup/startup_ch32v00x.o
                0x0000000000000000                _start
                0x00000000000000a0                . = ALIGN (0x4)
 *fill*         0x000000000000009e        0x2 
                0x00000000000000a0                _einit = .

.highcodelalign
                0x00000000000000a0        0x0
                0x00000000000000a0                . = ALIGN (0x4)
                0x00000000000000a0                PROVIDE (_highcode_lma = .)

.highcode       0x0000000020000000        0x0 load address 0x00000000000000a0
                0x0000000020000000                . = ALIGN (0x4)
                0x0000000020000000                PROVIDE (_highcode_vma_start = .)
 *(.highcode)
 *(.highcode.*)
                0x0000000020000000                . = ALIGN (0x4)
                0x0000000020000000                PROVIDE (_highcode_vma_end = .)

.text           0x00000000000000a0      0xf74
                0x00000000000000a0                . = ALIGN (0x4)
 *(.text)
 .text          0x00000000000000a0       0x14 c:/mounriver/mounriver_studio2/resources/app/resources/win32/components/wch/toolchain/risc-v embedded gcc/bin/../lib/gcc/riscv-none-embed/8.2.0/rv32ecxw/ilp32e\libgcc.a(save-restore.o)
                0x00000000000000a0                __riscv_save_1
                0x00000000000000a0                __riscv_save_2
                0x00000000000000a0                __riscv_save_0
                0x00000000000000aa                __riscv_restore_0
                0x00000000000000aa                __riscv_restore_1
                0x00000000000000aa                __riscv_restore_2
 .text          0x00000000000000b4       0x16 c:/mounriver/mounriver_studio2/resources/app/resources/win32/components/wch/toolchain/risc-v embedded gcc/bin/../lib/gcc/riscv-none-embed/8.2.0/rv32ecxw/ilp32e\libgcc.a(muldi3.o)
                0x00000000000000b4                __mulsi3
 *fill*         0x00000000000000ca        0x2 
 .text          0x00000000000000cc       0x7e c:/mounriver/mounriver_studio2/resources/app/resources/win32/components/wch/toolchain/risc-v embedded gcc/bin/../lib/gcc/riscv-none-embed/8.2.0/rv32ecxw/ilp32e\libgcc.a(div.o)
                0x00000000000000cc                __divsi3
                0x00000000000000d4                __udivsi3
                0x0000000000000100                __umodsi3
                0x0000000000000124                __modsi3
 *(.text.*)
 .text.NMI_Handler
                0x000000000000014a        0x2 ./User/ch32v00x_it.o
                0x000000000000014a                NMI_Handler
 .text.HardFault_Handler
                0x000000000000014c       0x10 ./User/ch32v00x_it.o
                0x000000000000014c                HardFault_Handler
 .text.half_set_color_data_streaming
                0x000000000000015c      0x174 ./User/color_data.o
                0x000000000000015c                half_set_color_data_streaming
 .text.color_data_init
                0x00000000000002d0       0x24 ./User/color_data.o
                0x00000000000002d0                color_data_init
 .text.half_streaming_color_init
                0x00000000000002f4       0xaa ./User/color_data.o
                0x00000000000002f4                half_streaming_color_init
 .text.TIM2_IRQHandler
                0x000000000000039e       0xb6 ./User/main.o
                0x000000000000039e                TIM2_IRQHandler
 .text.startup.main
                0x0000000000000454       0x7c ./User/main.o
                0x0000000000000454                main
 .text.strobe   0x00000000000004d0       0x8c ./User/mode_function.o
                0x00000000000004d0                strobe
 .text.dimming  0x000000000000055c       0xda ./User/mode_function.o
                0x000000000000055c                dimming
 .text.streaming
                0x0000000000000636       0x6a ./User/mode_function.o
                0x0000000000000636                streaming
 .text.led_mode_reset
                0x00000000000006a0       0x2c ./User/mode_function.o
                0x00000000000006a0                led_mode_reset
 .text.pwm_led_init
                0x00000000000006cc       0xc6 ./User/pwm.o
                0x00000000000006cc                pwm_led_init
 .text.led_sequence_init
                0x0000000000000792       0x5a ./User/sequence.o
                0x0000000000000792                led_sequence_init
 .text.SystemInit
                0x00000000000007ec      0x156 ./User/system_ch32v00x.o
                0x00000000000007ec                SystemInit
 .text.SystemCoreClockUpdate
                0x0000000000000942       0x6c ./User/system_ch32v00x.o
                0x0000000000000942                SystemCoreClockUpdate
 .text.TIM1_init
                0x00000000000009ae       0x4a ./User/timer.o
                0x00000000000009ae                TIM1_init
 .text.TIM2_init
                0x00000000000009f8       0x6a ./User/timer.o
                0x00000000000009f8                TIM2_init
 .text.vector_handler
                0x0000000000000a62        0x2 ./Startup/startup_ch32v00x.o
                0x0000000000000a62                TIM1_CC_IRQHandler
                0x0000000000000a62                SysTick_Handler
                0x0000000000000a62                PVD_IRQHandler
                0x0000000000000a62                SPI1_IRQHandler
                0x0000000000000a62                AWU_IRQHandler
                0x0000000000000a62                EXTI7_0_IRQHandler
                0x0000000000000a62                DMA1_Channel4_IRQHandler
                0x0000000000000a62                ADC1_IRQHandler
                0x0000000000000a62                DMA1_Channel7_IRQHandler
                0x0000000000000a62                I2C1_EV_IRQHandler
                0x0000000000000a62                DMA1_Channel6_IRQHandler
                0x0000000000000a62                RCC_IRQHandler
                0x0000000000000a62                TIM1_TRG_COM_IRQHandler
                0x0000000000000a62                DMA1_Channel1_IRQHandler
                0x0000000000000a62                DMA1_Channel5_IRQHandler
                0x0000000000000a62                DMA1_Channel3_IRQHandler
                0x0000000000000a62                TIM1_UP_IRQHandler
                0x0000000000000a62                WWDG_IRQHandler
                0x0000000000000a62                SW_Handler
                0x0000000000000a62                TIM1_BRK_IRQHandler
                0x0000000000000a62                DMA1_Channel2_IRQHandler
                0x0000000000000a62                FLASH_IRQHandler
                0x0000000000000a62                USART1_IRQHandler
                0x0000000000000a62                I2C1_ER_IRQHandler
 .text.handle_reset
                0x0000000000000a64       0xb0 ./Startup/startup_ch32v00x.o
                0x0000000000000a64                handle_reset
 .text.GPIO_Init
                0x0000000000000b14       0x7c ./Peripheral/src/ch32v00x_gpio.o
                0x0000000000000b14                GPIO_Init
 .text.GPIO_ReadInputDataBit
                0x0000000000000b90        0xa ./Peripheral/src/ch32v00x_gpio.o
                0x0000000000000b90                GPIO_ReadInputDataBit
 .text.GPIO_IPD_Unused
                0x0000000000000b9a       0x84 ./Peripheral/src/ch32v00x_gpio.o
                0x0000000000000b9a                GPIO_IPD_Unused
 .text.NVIC_Init
                0x0000000000000c1e       0x62 ./Peripheral/src/ch32v00x_misc.o
                0x0000000000000c1e                NVIC_Init
 .text.RCC_APB2PeriphClockCmd
                0x0000000000000c80       0x1e ./Peripheral/src/ch32v00x_rcc.o
                0x0000000000000c80                RCC_APB2PeriphClockCmd
 .text.RCC_APB1PeriphClockCmd
                0x0000000000000c9e       0x1e ./Peripheral/src/ch32v00x_rcc.o
                0x0000000000000c9e                RCC_APB1PeriphClockCmd
 .text.TIM_TimeBaseInit
                0x0000000000000cbc       0x4e ./Peripheral/src/ch32v00x_tim.o
                0x0000000000000cbc                TIM_TimeBaseInit
 .text.TIM_OC1Init
                0x0000000000000d0a       0x6a ./Peripheral/src/ch32v00x_tim.o
                0x0000000000000d0a                TIM_OC1Init
 .text.TIM_OC2Init
                0x0000000000000d74       0x96 ./Peripheral/src/ch32v00x_tim.o
                0x0000000000000d74                TIM_OC2Init
 .text.TIM_OC3Init
                0x0000000000000e0a       0x94 ./Peripheral/src/ch32v00x_tim.o
                0x0000000000000e0a                TIM_OC3Init
 .text.TIM_OC4Init
                0x0000000000000e9e       0x6e ./Peripheral/src/ch32v00x_tim.o
                0x0000000000000e9e                TIM_OC4Init
 .text.TIM_Cmd  0x0000000000000f0c       0x18 ./Peripheral/src/ch32v00x_tim.o
                0x0000000000000f0c                TIM_Cmd
 .text.TIM_CtrlPWMOutputs
                0x0000000000000f24       0x16 ./Peripheral/src/ch32v00x_tim.o
                0x0000000000000f24                TIM_CtrlPWMOutputs
 .text.TIM_ITConfig
                0x0000000000000f3a       0x12 ./Peripheral/src/ch32v00x_tim.o
                0x0000000000000f3a                TIM_ITConfig
 .text.TIM_ARRPreloadConfig
                0x0000000000000f4c       0x1a ./Peripheral/src/ch32v00x_tim.o
                0x0000000000000f4c                TIM_ARRPreloadConfig
 .text.TIM_OC1PreloadConfig
                0x0000000000000f66        0xe ./Peripheral/src/ch32v00x_tim.o
                0x0000000000000f66                TIM_OC1PreloadConfig
 .text.TIM_OC2PreloadConfig
                0x0000000000000f74       0x16 ./Peripheral/src/ch32v00x_tim.o
                0x0000000000000f74                TIM_OC2PreloadConfig
 .text.TIM_OC3PreloadConfig
                0x0000000000000f8a        0xe ./Peripheral/src/ch32v00x_tim.o
                0x0000000000000f8a                TIM_OC3PreloadConfig
 .text.TIM_OC4PreloadConfig
                0x0000000000000f98       0x16 ./Peripheral/src/ch32v00x_tim.o
                0x0000000000000f98                TIM_OC4PreloadConfig
 .text.TIM_SetCompare1
                0x0000000000000fae        0x4 ./Peripheral/src/ch32v00x_tim.o
                0x0000000000000fae                TIM_SetCompare1
 .text.TIM_SetCompare3
                0x0000000000000fb2        0x4 ./Peripheral/src/ch32v00x_tim.o
                0x0000000000000fb2                TIM_SetCompare3
 .text.TIM_SetCompare4
                0x0000000000000fb6        0x4 ./Peripheral/src/ch32v00x_tim.o
                0x0000000000000fb6                TIM_SetCompare4
 .text.TIM_GetITStatus
                0x0000000000000fba       0x18 ./Peripheral/src/ch32v00x_tim.o
                0x0000000000000fba                TIM_GetITStatus
 .text.TIM_ClearITPendingBit
                0x0000000000000fd2        0xc ./Peripheral/src/ch32v00x_tim.o
                0x0000000000000fd2                TIM_ClearITPendingBit
 .text.Delay_Init
                0x0000000000000fde       0x34 ./Debug/debug.o
                0x0000000000000fde                Delay_Init
 *(.rodata)
 *(.rodata*)
 *(.gnu.linkonce.t.*)
                0x0000000000001014                . = ALIGN (0x4)
 *fill*         0x0000000000001012        0x2 

.rela.dyn       0x0000000000001014        0x0
 .rela.init     0x0000000000001014        0x0 ./User/ch32v00x_it.o
 .rela.text.handle_reset
                0x0000000000001014        0x0 ./User/ch32v00x_it.o

.fini           0x0000000000001014        0x0
 *(SORT_NONE(.fini))
                0x0000000000001014                . = ALIGN (0x4)
                [!provide]                        PROVIDE (_etext = .)
                [!provide]                        PROVIDE (_eitcm = .)

.preinit_array  0x0000000000001014        0x0
                [!provide]                        PROVIDE (__preinit_array_start = .)
 *(.preinit_array)
                [!provide]                        PROVIDE (__preinit_array_end = .)

.init_array     0x0000000000001014        0x0
                [!provide]                        PROVIDE (__init_array_start = .)
 *(SORT_BY_INIT_PRIORITY(.init_array.*) SORT_BY_INIT_PRIORITY(.ctors.*))
 *(.init_array EXCLUDE_FILE(*crtend?.o *crtend.o *crtbegin?.o *crtbegin.o) .ctors)
                [!provide]                        PROVIDE (__init_array_end = .)

.fini_array     0x0000000000001014        0x0
                [!provide]                        PROVIDE (__fini_array_start = .)
 *(SORT_BY_INIT_PRIORITY(.fini_array.*) SORT_BY_INIT_PRIORITY(.dtors.*))
 *(.fini_array EXCLUDE_FILE(*crtend?.o *crtend.o *crtbegin?.o *crtbegin.o) .dtors)
                [!provide]                        PROVIDE (__fini_array_end = .)

.ctors
 *crtbegin.o(.ctors)
 *crtbegin?.o(.ctors)
 *(EXCLUDE_FILE(*crtend?.o *crtend.o) .ctors)
 *(SORT_BY_NAME(.ctors.*))
 *(.ctors)

.dtors
 *crtbegin.o(.dtors)
 *crtbegin?.o(.dtors)
 *(EXCLUDE_FILE(*crtend?.o *crtend.o) .dtors)
 *(SORT_BY_NAME(.dtors.*))
 *(.dtors)

.dalign         0x0000000020000000        0x0 load address 0x0000000000001014
                0x0000000020000000                . = ALIGN (0x4)
                0x0000000020000000                PROVIDE (_data_vma = .)

.dlalign        0x0000000000001014        0x0
                0x0000000000001014                . = ALIGN (0x4)
                0x0000000000001014                PROVIDE (_data_lma = .)

.data           0x0000000020000000       0x18 load address 0x0000000000001014
                0x0000000020000000                . = ALIGN (0x4)
 *(.gnu.linkonce.r.*)
 *(.data .data.*)
 .data.dimming_direction
                0x0000000020000000        0x1 ./User/ram.o
                0x0000000020000000                dimming_direction
 *fill*         0x0000000020000001        0x3 
 .data.HBPrescTable
                0x0000000020000004       0x10 ./User/system_ch32v00x.o
                0x0000000020000004                HBPrescTable
 .data.SystemCoreClock
                0x0000000020000014        0x4 ./User/system_ch32v00x.o
                0x0000000020000014                SystemCoreClock
 *(.gnu.linkonce.d.*)
                0x0000000020000018                . = ALIGN (0x8)
                0x0000000020000818                PROVIDE (__global_pointer$ = (. + 0x800))
 *(.sdata .sdata.*)
 *(.sdata2*)
 *(.gnu.linkonce.s.*)
                0x0000000020000018                . = ALIGN (0x8)
 *(.srodata.cst16)
 *(.srodata.cst8)
 *(.srodata.cst4)
 *(.srodata.cst2)
 *(.srodata .srodata.*)
                0x0000000020000018                . = ALIGN (0x4)
                0x0000000020000018                PROVIDE (_edata = .)

.bss            0x0000000020000018      0x120 load address 0x000000000000102c
                0x0000000020000018                . = ALIGN (0x4)
                0x0000000020000018                PROVIDE (_sbss = .)
 *(.sbss*)
 *(.gnu.linkonce.sb.*)
 *(.bss*)
 .bss.b_dimming_brightness
                0x0000000020000018        0x1 ./User/ram.o
                0x0000000020000018                b_dimming_brightness
 .bss.button_cnt
                0x0000000020000019        0x1 ./User/ram.o
                0x0000000020000019                button_cnt
 .bss.button_flag
                0x000000002000001a        0x1 ./User/ram.o
                0x000000002000001a                button_flag
 *fill*         0x000000002000001b        0x1 
 .bss.color_data
                0x000000002000001c       0x78 ./User/ram.o
                0x000000002000001c                color_data
 .bss.dimming_cnt
                0x0000000020000094        0x2 ./User/ram.o
                0x0000000020000094                dimming_cnt
 .bss.g_dimming_brightness
                0x0000000020000096        0x1 ./User/ram.o
                0x0000000020000096                g_dimming_brightness
 *fill*         0x0000000020000097        0x1 
 .bss.led       0x0000000020000098        0x8 ./User/ram.o
                0x0000000020000098                led
 .bss.led_current
                0x00000000200000a0        0x1 ./User/ram.o
                0x00000000200000a0                led_current
 .bss.led_next  0x00000000200000a1        0x1 ./User/ram.o
                0x00000000200000a1                led_next
 .bss.r_dimming_brightness
                0x00000000200000a2        0x1 ./User/ram.o
                0x00000000200000a2                r_dimming_brightness
 .bss.seq_i     0x00000000200000a3        0x1 ./User/ram.o
                0x00000000200000a3                seq_i
 .bss.sequence  0x00000000200000a4       0x20 ./User/ram.o
                0x00000000200000a4                sequence
 .bss.streaming_b
                0x00000000200000c4        0x1 ./User/ram.o
                0x00000000200000c4                streaming_b
 .bss.streaming_b2
                0x00000000200000c5        0x1 ./User/ram.o
                0x00000000200000c5                streaming_b2
 *fill*         0x00000000200000c6        0x2 
 .bss.streaming_color
                0x00000000200000c8       0x5a ./User/ram.o
                0x00000000200000c8                streaming_color
 .bss.streaming_color_cnt
                0x0000000020000122        0x2 ./User/ram.o
                0x0000000020000122                streaming_color_cnt
 .bss.streaming_g
                0x0000000020000124        0x1 ./User/ram.o
                0x0000000020000124                streaming_g
 .bss.streaming_g2
                0x0000000020000125        0x1 ./User/ram.o
                0x0000000020000125                streaming_g2
 .bss.streaming_r
                0x0000000020000126        0x1 ./User/ram.o
                0x0000000020000126                streaming_r
 .bss.streaming_r2
                0x0000000020000127        0x1 ./User/ram.o
                0x0000000020000127                streaming_r2
 .bss.strobe_cnt
                0x0000000020000128        0x2 ./User/ram.o
                0x0000000020000128                strobe_cnt
 .bss.strobe_on_flag
                0x000000002000012a        0x1 ./User/ram.o
                0x000000002000012a                strobe_on_flag
 .bss.target_animation
                0x000000002000012b        0x1 ./User/ram.o
                0x000000002000012b                target_animation
 .bss.tick      0x000000002000012c        0x1 ./User/ram.o
                0x000000002000012c                tick
 *fill*         0x000000002000012d        0x3 
 .bss.NVIC_Priority_Group
                0x0000000020000130        0x4 ./Peripheral/src/ch32v00x_misc.o
                0x0000000020000130                NVIC_Priority_Group
 .bss.p_ms      0x0000000020000134        0x2 ./Debug/debug.o
 .bss.p_us      0x0000000020000136        0x1 ./Debug/debug.o
 *(.gnu.linkonce.b.*)
 *(COMMON*)
                0x0000000020000138                . = ALIGN (0x4)
 *fill*         0x0000000020000137        0x1 
                0x0000000020000138                PROVIDE (_ebss = .)
                0x0000000020000138                PROVIDE (_end = _ebss)
                [!provide]                        PROVIDE (end = .)

.stack          0x0000000020000700      0x100
                0x0000000020000700                PROVIDE (_heap_end = .)
                0x0000000020000700                . = ALIGN (0x4)
                [!provide]                        PROVIDE (_susrstack = .)
                0x0000000020000800                . = (. + __stack_size)
 *fill*         0x0000000020000700      0x100 
                0x0000000020000800                PROVIDE (_eusrstack = .)
OUTPUT(CH32V003F4P.elf elf32-littleriscv)

.debug_info     0x0000000000000000     0xe27c
 .debug_info    0x0000000000000000      0xbc0 ./User/ch32v00x_it.o
 .debug_info    0x0000000000000bc0      0xcd3 ./User/color_data.o
 .debug_info    0x0000000000001893      0xfd2 ./User/main.o
 .debug_info    0x0000000000002865      0xf1a ./User/mode_function.o
 .debug_info    0x000000000000377f      0xf43 ./User/pwm.o
 .debug_info    0x00000000000046c2      0xce2 ./User/ram.o
 .debug_info    0x00000000000053a4      0xb9e ./User/sequence.o
 .debug_info    0x0000000000005f42      0xcb7 ./User/system_ch32v00x.o
 .debug_info    0x0000000000006bf9      0xf26 ./User/timer.o
 .debug_info    0x0000000000007b1f       0x22 ./Startup/startup_ch32v00x.o
 .debug_info    0x0000000000007b41     0x1034 ./Peripheral/src/ch32v00x_gpio.o
 .debug_info    0x0000000000008b75      0xdc5 ./Peripheral/src/ch32v00x_misc.o
 .debug_info    0x000000000000993a     0x108c ./Peripheral/src/ch32v00x_rcc.o
 .debug_info    0x000000000000a9c6     0x297f ./Peripheral/src/ch32v00x_tim.o
 .debug_info    0x000000000000d345      0xf37 ./Debug/debug.o

.debug_abbrev   0x0000000000000000     0x262e
 .debug_abbrev  0x0000000000000000      0x22c ./User/ch32v00x_it.o
 .debug_abbrev  0x000000000000022c      0x295 ./User/color_data.o
 .debug_abbrev  0x00000000000004c1      0x26f ./User/main.o
 .debug_abbrev  0x0000000000000730      0x290 ./User/mode_function.o
 .debug_abbrev  0x00000000000009c0      0x260 ./User/pwm.o
 .debug_abbrev  0x0000000000000c20      0x1e9 ./User/ram.o
 .debug_abbrev  0x0000000000000e09      0x1f8 ./User/sequence.o
 .debug_abbrev  0x0000000000001001      0x2fc ./User/system_ch32v00x.o
 .debug_abbrev  0x00000000000012fd      0x295 ./User/timer.o
 .debug_abbrev  0x0000000000001592       0x12 ./Startup/startup_ch32v00x.o
 .debug_abbrev  0x00000000000015a4      0x309 ./Peripheral/src/ch32v00x_gpio.o
 .debug_abbrev  0x00000000000018ad      0x2e1 ./Peripheral/src/ch32v00x_misc.o
 .debug_abbrev  0x0000000000001b8e      0x389 ./Peripheral/src/ch32v00x_rcc.o
 .debug_abbrev  0x0000000000001f17      0x408 ./Peripheral/src/ch32v00x_tim.o
 .debug_abbrev  0x000000000000231f      0x30f ./Debug/debug.o

.debug_aranges  0x0000000000000000      0x660
 .debug_aranges
                0x0000000000000000       0x28 ./User/ch32v00x_it.o
 .debug_aranges
                0x0000000000000028       0x38 ./User/color_data.o
 .debug_aranges
                0x0000000000000060       0x28 ./User/main.o
 .debug_aranges
                0x0000000000000088       0x38 ./User/mode_function.o
 .debug_aranges
                0x00000000000000c0       0x20 ./User/pwm.o
 .debug_aranges
                0x00000000000000e0       0x18 ./User/ram.o
 .debug_aranges
                0x00000000000000f8       0x20 ./User/sequence.o
 .debug_aranges
                0x0000000000000118       0x28 ./User/system_ch32v00x.o
 .debug_aranges
                0x0000000000000140       0x28 ./User/timer.o
 .debug_aranges
                0x0000000000000168       0x30 ./Startup/startup_ch32v00x.o
 .debug_aranges
                0x0000000000000198       0x98 ./Peripheral/src/ch32v00x_gpio.o
 .debug_aranges
                0x0000000000000230       0x28 ./Peripheral/src/ch32v00x_misc.o
 .debug_aranges
                0x0000000000000258       0xe0 ./Peripheral/src/ch32v00x_rcc.o
 .debug_aranges
                0x0000000000000338      0x2d8 ./Peripheral/src/ch32v00x_tim.o
 .debug_aranges
                0x0000000000000610       0x50 ./Debug/debug.o

.debug_ranges   0x0000000000000000      0x628
 .debug_ranges  0x0000000000000000       0x18 ./User/ch32v00x_it.o
 .debug_ranges  0x0000000000000018       0x68 ./User/color_data.o
 .debug_ranges  0x0000000000000080       0x18 ./User/main.o
 .debug_ranges  0x0000000000000098       0x28 ./User/mode_function.o
 .debug_ranges  0x00000000000000c0       0x10 ./User/pwm.o
 .debug_ranges  0x00000000000000d0       0x10 ./User/sequence.o
 .debug_ranges  0x00000000000000e0       0x48 ./User/system_ch32v00x.o
 .debug_ranges  0x0000000000000128       0x18 ./User/timer.o
 .debug_ranges  0x0000000000000140       0x28 ./Startup/startup_ch32v00x.o
 .debug_ranges  0x0000000000000168       0x88 ./Peripheral/src/ch32v00x_gpio.o
 .debug_ranges  0x00000000000001f0       0x30 ./Peripheral/src/ch32v00x_misc.o
 .debug_ranges  0x0000000000000220       0xd0 ./Peripheral/src/ch32v00x_rcc.o
 .debug_ranges  0x00000000000002f0      0x2f8 ./Peripheral/src/ch32v00x_tim.o
 .debug_ranges  0x00000000000005e8       0x40 ./Debug/debug.o

.debug_line     0x0000000000000000     0x904f
 .debug_line    0x0000000000000000      0x32c ./User/ch32v00x_it.o
 .debug_line    0x000000000000032c      0xb55 ./User/color_data.o
 .debug_line    0x0000000000000e81      0x6e2 ./User/main.o
 .debug_line    0x0000000000001563      0x7c4 ./User/mode_function.o
 .debug_line    0x0000000000001d27      0x555 ./User/pwm.o
 .debug_line    0x000000000000227c      0x2bf ./User/ram.o
 .debug_line    0x000000000000253b      0x4a3 ./User/sequence.o
 .debug_line    0x00000000000029de      0x7c2 ./User/system_ch32v00x.o
 .debug_line    0x00000000000031a0      0x504 ./User/timer.o
 .debug_line    0x00000000000036a4      0x148 ./Startup/startup_ch32v00x.o
 .debug_line    0x00000000000037ec      0xc85 ./Peripheral/src/ch32v00x_gpio.o
 .debug_line    0x0000000000004471      0x46c ./Peripheral/src/ch32v00x_misc.o
 .debug_line    0x00000000000048dd      0xe8c ./Peripheral/src/ch32v00x_rcc.o
 .debug_line    0x0000000000005769     0x30e7 ./Peripheral/src/ch32v00x_tim.o
 .debug_line    0x0000000000008850      0x7ff ./Debug/debug.o

.debug_str      0x0000000000000000     0x2089
 .debug_str     0x0000000000000000      0x61f ./User/ch32v00x_it.o
                                        0x693 (size before relaxing)
 .debug_str     0x000000000000061f      0x1da ./User/color_data.o
                                        0x795 (size before relaxing)
 .debug_str     0x00000000000007f9      0x1cb ./User/main.o
                                        0x961 (size before relaxing)
 .debug_str     0x00000000000009c4       0x48 ./User/mode_function.o
                                        0x8c1 (size before relaxing)
 .debug_str     0x0000000000000a0c      0x273 ./User/pwm.o
                                        0x979 (size before relaxing)
 .debug_str     0x0000000000000c7f        0xe ./User/ram.o
                                        0x714 (size before relaxing)
 .debug_str     0x0000000000000c8d       0x13 ./User/sequence.o
                                        0x72b (size before relaxing)
 .debug_str     0x0000000000000ca0      0x115 ./User/system_ch32v00x.o
                                        0x747 (size before relaxing)
 .debug_str     0x0000000000000db5      0x314 ./User/timer.o
                                        0xa32 (size before relaxing)
 .debug_str     0x00000000000010c9       0x52 ./Startup/startup_ch32v00x.o
 .debug_str     0x000000000000111b      0x1d0 ./Peripheral/src/ch32v00x_gpio.o
                                        0x951 (size before relaxing)
 .debug_str     0x00000000000012eb       0xb5 ./Peripheral/src/ch32v00x_misc.o
                                        0x919 (size before relaxing)
 .debug_str     0x00000000000013a0      0x2ce ./Peripheral/src/ch32v00x_rcc.o
                                        0x9bf (size before relaxing)
 .debug_str     0x000000000000166e      0x8ab ./Peripheral/src/ch32v00x_tim.o
                                       0x1279 (size before relaxing)
 .debug_str     0x0000000000001f19      0x170 ./Debug/debug.o
                                        0x90f (size before relaxing)

.comment        0x0000000000000000       0x33
 .comment       0x0000000000000000       0x33 ./User/ch32v00x_it.o
                                         0x34 (size before relaxing)
 .comment       0x0000000000000033       0x34 ./User/color_data.o
 .comment       0x0000000000000033       0x34 ./User/main.o
 .comment       0x0000000000000033       0x34 ./User/mode_function.o
 .comment       0x0000000000000033       0x34 ./User/pwm.o
 .comment       0x0000000000000033       0x34 ./User/ram.o
 .comment       0x0000000000000033       0x34 ./User/sequence.o
 .comment       0x0000000000000033       0x34 ./User/system_ch32v00x.o
 .comment       0x0000000000000033       0x34 ./User/timer.o
 .comment       0x0000000000000033       0x34 ./Peripheral/src/ch32v00x_gpio.o
 .comment       0x0000000000000033       0x34 ./Peripheral/src/ch32v00x_misc.o
 .comment       0x0000000000000033       0x34 ./Peripheral/src/ch32v00x_rcc.o
 .comment       0x0000000000000033       0x34 ./Peripheral/src/ch32v00x_tim.o
 .comment       0x0000000000000033       0x34 ./Debug/debug.o

.debug_frame    0x0000000000000000      0xd00
 .debug_frame   0x0000000000000000       0x30 ./User/ch32v00x_it.o
 .debug_frame   0x0000000000000030       0x7c ./User/color_data.o
 .debug_frame   0x00000000000000ac       0x4c ./User/main.o
 .debug_frame   0x00000000000000f8       0x90 ./User/mode_function.o
 .debug_frame   0x0000000000000188       0x38 ./User/pwm.o
 .debug_frame   0x00000000000001c0       0x20 ./User/sequence.o
 .debug_frame   0x00000000000001e0       0x58 ./User/system_ch32v00x.o
 .debug_frame   0x0000000000000238       0x60 ./User/timer.o
 .debug_frame   0x0000000000000298      0x154 ./Peripheral/src/ch32v00x_gpio.o
 .debug_frame   0x00000000000003ec       0x30 ./Peripheral/src/ch32v00x_misc.o
 .debug_frame   0x000000000000041c      0x1dc ./Peripheral/src/ch32v00x_rcc.o
 .debug_frame   0x00000000000005f8      0x624 ./Peripheral/src/ch32v00x_tim.o
 .debug_frame   0x0000000000000c1c       0xe4 ./Debug/debug.o

.debug_loc      0x0000000000000000     0x29aa
 .debug_loc     0x0000000000000000      0x1c8 ./User/color_data.o
 .debug_loc     0x00000000000001c8       0x80 ./User/system_ch32v00x.o
 .debug_loc     0x0000000000000248       0x84 ./User/timer.o
 .debug_loc     0x00000000000002cc      0x5e2 ./Peripheral/src/ch32v00x_gpio.o
 .debug_loc     0x00000000000008ae       0x47 ./Peripheral/src/ch32v00x_misc.o
 .debug_loc     0x00000000000008f5      0x5e3 ./Peripheral/src/ch32v00x_rcc.o
 .debug_loc     0x0000000000000ed8     0x1936 ./Peripheral/src/ch32v00x_tim.o
 .debug_loc     0x000000000000280e      0x19c ./Debug/debug.o
